Archive member included to satisfy reference by file (symbol)

C:/devkitPro/libogc/lib/cube\libgrrlib.a(GRRLIB_bmf.o)
                              main.o (GRRLIB_InitTileSet)
C:/devkitPro/libogc/lib/cube\libgrrlib.a(GRRLIB_core.o)
                              main.o (rmode)
C:/devkitPro/libogc/lib/cube\libgrrlib.a(GRRLIB_render.o)
                              main.o (GRRLIB_DrawTile)
C:/devkitPro/libogc/lib/cube\libgrrlib.a(GRRLIB_texEdit.o)
                              main.o (GRRLIB_LoadTexture)
C:/devkitPro/libogc/lib/cube\libgrrlib.a(GRRLIB_ttf.o)
                              C:/devkitPro/libogc/lib/cube\libgrrlib.a(GRRLIB_core.o) (GRRLIB_InitTTF)
C:/devkitPro/libogc/lib/cube\libfreetype.a(ftinit.o)
                              C:/devkitPro/libogc/lib/cube\libgrrlib.a(GRRLIB_ttf.o) (FT_Init_FreeType)
C:/devkitPro/libogc/lib/cube\libfreetype.a(ftbase.o)
                              C:/devkitPro/libogc/lib/cube\libgrrlib.a(GRRLIB_ttf.o) (FT_Load_Glyph)
C:/devkitPro/libogc/lib/cube\libfreetype.a(truetype.o)
                              C:/devkitPro/libogc/lib/cube\libfreetype.a(ftinit.o) (tt_driver_class)
C:/devkitPro/libogc/lib/cube\libfreetype.a(type1.o)
                              C:/devkitPro/libogc/lib/cube\libfreetype.a(ftinit.o) (t1_driver_class)
C:/devkitPro/libogc/lib/cube\libfreetype.a(cff.o)
                              C:/devkitPro/libogc/lib/cube\libfreetype.a(ftinit.o) (cff_driver_class)
C:/devkitPro/libogc/lib/cube\libfreetype.a(type1cid.o)
                              C:/devkitPro/libogc/lib/cube\libfreetype.a(ftinit.o) (t1cid_driver_class)
C:/devkitPro/libogc/lib/cube\libfreetype.a(pfr.o)
                              C:/devkitPro/libogc/lib/cube\libfreetype.a(ftinit.o) (pfr_driver_class)
C:/devkitPro/libogc/lib/cube\libfreetype.a(type42.o)
                              C:/devkitPro/libogc/lib/cube\libfreetype.a(ftinit.o) (t42_driver_class)
C:/devkitPro/libogc/lib/cube\libfreetype.a(winfnt.o)
                              C:/devkitPro/libogc/lib/cube\libfreetype.a(ftinit.o) (winfnt_driver_class)
C:/devkitPro/libogc/lib/cube\libfreetype.a(pcf.o)
                              C:/devkitPro/libogc/lib/cube\libfreetype.a(ftinit.o) (pcf_driver_class)
C:/devkitPro/libogc/lib/cube\libfreetype.a(bdf.o)
                              C:/devkitPro/libogc/lib/cube\libfreetype.a(ftinit.o) (bdf_driver_class)
C:/devkitPro/libogc/lib/cube\libfreetype.a(sfnt.o)
                              C:/devkitPro/libogc/lib/cube\libfreetype.a(ftinit.o) (sfnt_module_class)
C:/devkitPro/libogc/lib/cube\libfreetype.a(autofit.o)
                              C:/devkitPro/libogc/lib/cube\libfreetype.a(ftinit.o) (autofit_module_class)
C:/devkitPro/libogc/lib/cube\libfreetype.a(pshinter.o)
                              C:/devkitPro/libogc/lib/cube\libfreetype.a(ftinit.o) (pshinter_module_class)
C:/devkitPro/libogc/lib/cube\libfreetype.a(raster.o)
                              C:/devkitPro/libogc/lib/cube\libfreetype.a(ftinit.o) (ft_raster1_renderer_class)
C:/devkitPro/libogc/lib/cube\libfreetype.a(smooth.o)
                              C:/devkitPro/libogc/lib/cube\libfreetype.a(ftinit.o) (ft_smooth_renderer_class)
C:/devkitPro/libogc/lib/cube\libfreetype.a(ftgzip.o)
                              C:/devkitPro/libogc/lib/cube\libfreetype.a(pcf.o) (FT_Stream_OpenGzip)
C:/devkitPro/libogc/lib/cube\libfreetype.a(ftlzw.o)
                              C:/devkitPro/libogc/lib/cube\libfreetype.a(pcf.o) (FT_Stream_OpenLZW)
C:/devkitPro/libogc/lib/cube\libfreetype.a(psaux.o)
                              C:/devkitPro/libogc/lib/cube\libfreetype.a(ftinit.o) (psaux_module_class)
C:/devkitPro/libogc/lib/cube\libfreetype.a(psnames.o)
                              C:/devkitPro/libogc/lib/cube\libfreetype.a(ftinit.o) (psnames_module_class)
C:/devkitPro/libogc/lib/cube\libfreetype.a(ftsystem.o)
                              C:/devkitPro/libogc/lib/cube\libfreetype.a(ftbase.o) (FT_Stream_Open)
C:/devkitPro/libogc/lib/cube\libpngu.a(pngu.o)
                              C:/devkitPro/libogc/lib/cube\libgrrlib.a(GRRLIB_texEdit.o) (PNGU_SelectImageFromBuffer)
C:/devkitPro/libogc/lib/cube\libpng.a(png.o)
                              C:/devkitPro/libogc/lib/cube\libpngu.a(pngu.o) (png_set_sig_bytes)
C:/devkitPro/libogc/lib/cube\libpng.a(pngerror.o)
                              C:/devkitPro/libogc/lib/cube\libpng.a(png.o) (png_safecat)
C:/devkitPro/libogc/lib/cube\libpng.a(pngget.o)
                              C:/devkitPro/libogc/lib/cube\libpngu.a(pngu.o) (png_get_rowbytes)
C:/devkitPro/libogc/lib/cube\libpng.a(pngmem.o)
                              C:/devkitPro/libogc/lib/cube\libpng.a(png.o) (png_create_struct_2)
C:/devkitPro/libogc/lib/cube\libpng.a(pngread.o)
                              C:/devkitPro/libogc/lib/cube\libpngu.a(pngu.o) (png_create_read_struct)
C:/devkitPro/libogc/lib/cube\libpng.a(pngrio.o)
                              C:/devkitPro/libogc/lib/cube\libpngu.a(pngu.o) (png_set_read_fn)
[...]
Memory Configuration

Name             Origin             Length             Attributes
*default*        0x0000000000000000 0xffffffffffffffff

Linker script and memory map

                0x0000000080003100                . = 0x80003100

.init           0x0000000081000000      0x194
 *crt0.o(*.init)
 .init          0x0000000081000000      0x170 C:/devkitPro/libogc/lib/cube\libogc.a(ogc_crt0.o)
                0x0000000081000000                _start
                0x0000000081000140                _memset
 *(.init)
 .init          0x0000000081000170        0xc c:/devkitpro/devkitppc/bin/../lib/gcc/powerpc-eabi/10.2.0/ecrti.o
                0x0000000081000170                __init
 .init          0x000000008100017c        0x4 c:/devkitpro/devkitppc/bin/../lib/gcc/powerpc-eabi/10.2.0/crtbegin.o
 .init          0x0000000081000180        0x4 c:/devkitpro/devkitppc/bin/../lib/gcc/powerpc-eabi/10.2.0/crtend.o
 .init          0x0000000081000184       0x10 c:/devkitpro/devkitppc/bin/../lib/gcc/powerpc-eabi/10.2.0/ecrtn.o

.rela.dyn       0x0000000081000194        0x0
 .rela.iplt     0x0000000081000194        0x0 c:/devkitpro/devkitppc/bin/../lib/gcc/powerpc-eabi/10.2.0/crtbegin.o

.plt
 *(.plt)

.interp
 *(.interp)

.hash
 *(.hash)

.dynsym
 *(.dynsym)

.dynstr
 *(.dynstr)

.gnu.version
 *(.gnu.version)

.gnu.version_d
 *(.gnu.version_d)

.gnu.version_r
 *(.gnu.version_r)

.rel.init
 *(.rel.init)

.rela.init      0x0000000081000194        0x0
 *(.rela.init)
 .rela.init     0x0000000081000194        0x0 c:/devkitpro/devkitppc/bin/../lib/gcc/powerpc-eabi/10.2.0/crtbegin.o

.rel.text
 *(.rel.text .rel.text.* .rel.gnu.linkonce.t.*)

.rela.text      0x0000000081000194        0x0
 *(.rela.text .rela.text.* .rela.gnu.linkonce.t.*)
 .rela.text.deregister_tm_clones
                0x0000000081000194        0x0 c:/devkitpro/devkitppc/bin/../lib/gcc/powerpc-eabi/10.2.0/crtbegin.o
 .rela.text.register_tm_clones
                0x0000000081000194        0x0 c:/devkitpro/devkitppc/bin/../lib/gcc/powerpc-eabi/10.2.0/crtbegin.o
 .rela.text.SYS_Init
                0x0000000081000194        0x0 c:/devkitpro/devkitppc/bin/../lib/gcc/powerpc-eabi/10.2.0/crtbegin.o
 .rela.text.__GXDefTlutRegionCallback
                0x0000000081000194        0x0 c:/devkitpro/devkitppc/bin/../lib/gcc/powerpc-eabi/10.2.0/crtbegin.o
 .rela.text.__SetSURegs
                0x0000000081000194        0x0 c:/devkitpro/devkitppc/bin/../lib/gcc/powerpc-eabi/10.2.0/crtbegin.o
 .rela.text.__SETVCDATTR
                0x0000000081000194        0x0 c:/devkitpro/devkitppc/bin/../lib/gcc/powerpc-eabi/10.2.0/crtbegin.o
 .rela.text.__SETVCDFMT
                0x0000000081000194        0x0 c:/devkitpro/devkitppc/bin/../lib/gcc/powerpc-eabi/10.2.0/crtbegin.o
 .rela.text.__GXCPInterruptHandler
                0x0000000081000194        0x0 c:/devkitpro/devkitppc/bin/../lib/gcc/powerpc-eabi/10.2.0/crtbegin.o
 .rela.text.GX_SetTexCoordGen2.part.0
                0x0000000081000194        0x0 c:/devkitpro/devkitppc/bin/../lib/gcc/powerpc-eabi/10.2.0/crtbegin.o
 .rela.text.__GXDefTexRegionCallback
                0x0000000081000194        0x0 c:/devkitpro/devkitppc/bin/../lib/gcc/powerpc-eabi/10.2.0/crtbegin.o
 .rela.text.__GX_SetDirtyState
                0x0000000081000194        0x0 c:/devkitpro/devkitppc/bin/../lib/gcc/powerpc-eabi/10.2.0/crtbegin.o
 .rela.text.GX_SetCPUFifo
                0x0000000081000194        0x0 c:/devkitpro/devkitppc/bin/../lib/gcc/powerpc-eabi/10.2.0/crtbegin.o
 .rela.text.GX_SetGPFifo
                0x0000000081000194        0x0 c:/devkitpro/devkitppc/bin/../lib/gcc/powerpc-eabi/10.2.0/crtbegin.o
 .rela.text.GX_AbortFrame
                0x0000000081000194        0x0 c:/devkitpro/devkitppc/bin/../lib/gcc/powerpc-eabi/10.2.0/crtbegin.o
 .rela.text.__gx_onreset
                0x0000000081000194        0x0 c:/devkitpro/devkitppc/bin/../lib/gcc/powerpc-eabi/10.2.0/crtbegin.o
 .rela.text.GX_DrawDone
                0x0000000081000194        0x0 c:/devkitpro/devkitppc/bin/../lib/gcc/powerpc-eabi/10.2.0/crtbegin.o
 .rela.text.GX_SetDispCopyGamma
                0x0000000081000194        0x0 c:/devkitpro/devkitppc/bin/../lib/gcc/powerpc-eabi/10.2.0/crtbegin.o
 .rela.text.GX_SetDispCopyYScale
                0x0000000081000194        0x0 c:/devkitpro/devkitppc/bin/../lib/gcc/powerpc-eabi/10.2.0/crtbegin.o
 .rela.text.GX_SetDispCopyDst
                0x0000000081000194        0x0 c:/devkitpro/devkitppc/bin/../lib/gcc/powerpc-eabi/10.2.0/crtbegin.o
 .rela.text.GX_SetDispCopySrc
                0x0000000081000194        0x0 c:/devkitpro/devkitppc/bin/../lib/gcc/powerpc-eabi/10.2.0/crtbegin.o
 .rela.text.GX_CopyDisp
                0x0000000081000194        0x0 c:/devkitpro/devkitppc/bin/../lib/gcc/powerpc-eabi/10.2.0/crtbegin.o
 .rela.text.GX_SetVtxDesc
                0x0000000081000194        0x0 c:/devkitpro/devkitppc/bin/../lib/gcc/powerpc-eabi/10.2.0/crtbegin.o
 .rela.text.GX_SetVtxAttrFmt
                0x0000000081000194        0x0 c:/devkitpro/devkitppc/bin/../lib/gcc/powerpc-eabi/10.2.0/crtbegin.o
 .rela.text.GX_Begin
                0x0000000081000194        0x0 c:/devkitpro/devkitppc/bin/../lib/gcc/powerpc-eabi/10.2.0/crtbegin.o
 .rela.text.GX_SetNumTexGens
                0x0000000081000194        0x0 c:/devkitpro/devkitppc/bin/../lib/gcc/powerpc-eabi/10.2.0/crtbegin.o
 .rela.text.GX_SetZMode
                0x0000000081000194        0x0 c:/devkitpro/devkitppc/bin/../lib/gcc/powerpc-eabi/10.2.0/crtbegin.o
 .rela.text.GX_LoadTexObjPreloaded
                0x0000000081000194        0x0 c:/devkitpro/devkitppc/bin/../lib/gcc/powerpc-eabi/10.2.0/crtbegin.o
 .rela.text.GX_InvalidateTexAll
                0x0000000081000194        0x0 c:/devkitpro/devkitppc/bin/../lib/gcc/powerpc-eabi/10.2.0/crtbegin.o
 .rela.text.GX_SetBlendMode
                0x0000000081000194        0x0 c:/devkitpro/devkitppc/bin/../lib/gcc/powerpc-eabi/10.2.0/crtbegin.o
 .rela.text.GX_ClearVtxDesc
                0x0000000081000194        0x0 c:/devkitpro/devkitppc/bin/../lib/gcc/powerpc-eabi/10.2.0/crtbegin.o
 .rela.text.GX_SetTevColorIn
                0x0000000081000194        0x0 c:/devkitpro/devkitppc/bin/../lib/gcc/powerpc-eabi/10.2.0/crtbegin.o
 .rela.text.GX_SetTevAlphaIn
                0x0000000081000194        0x0 c:/devkitpro/devkitppc/bin/../lib/gcc/powerpc-eabi/10.2.0/crtbegin.o
 .rela.text.GX_SetTevColorOp
                0x0000000081000194        0x0 c:/devkitpro/devkitppc/bin/../lib/gcc/powerpc-eabi/10.2.0/crtbegin.o
 .rela.text.GX_SetTevAlphaOp
                0x0000000081000194        0x0 c:/devkitpro/devkitppc/bin/../lib/gcc/powerpc-eabi/10.2.0/crtbegin.o
 .rela.text.GX_SetCullMode
                0x0000000081000194        0x0 c:/devkitpro/devkitppc/bin/../lib/gcc/powerpc-eabi/10.2.0/crtbegin.o
 .rela.text.GX_SetScissor
                0x0000000081000194        0x0 c:/devkitpro/devkitppc/bin/../lib/gcc/powerpc-eabi/10.2.0/crtbegin.o
 .rela.text.GX_SetNumChans
                0x0000000081000194        0x0 c:/devkitpro/devkitppc/bin/../lib/gcc/powerpc-eabi/10.2.0/crtbegin.o
 .rela.text.GX_SetTevOrder
                0x0000000081000194        0x0 c:/devkitpro/devkitppc/bin/../lib/gcc/powerpc-eabi/10.2.0/crtbegin.o
 .rela.text.GX_SetTevKColorSel
                0x0000000081000194        0x0 c:/devkitpro/devkitppc/bin/../lib/gcc/powerpc-eabi/10.2.0/crtbegin.o
 .rela.text.GX_SetTevKAlphaSel
                0x0000000081000194        0x0 c:/devkitpro/devkitppc/bin/../lib/gcc/powerpc-eabi/10.2.0/crtbegin.o
 .rela.text.GX_SetTevSwapModeTable
                0x0000000081000194        0x0 c:/devkitpro/devkitppc/bin/../lib/gcc/powerpc-eabi/10.2.0/crtbegin.o
 .rela.text.GX_SetColorUpdate
                0x0000000081000194        0x0 c:/devkitpro/devkitppc/bin/../lib/gcc/powerpc-eabi/10.2.0/crtbegin.o
 .rela.text.GX_SetAlphaUpdate
                0x0000000081000194        0x0 c:/devkitpro/devkitppc/bin/../lib/gcc/powerpc-eabi/10.2.0/crtbegin.o
 .rela.text.GX_SetPixelFmt
                0x0000000081000194        0x0 c:/devkitpro/devkitppc/bin/../lib/gcc/powerpc-eabi/10.2.0/crtbegin.o
 .rela.text.GX_SetFieldMode
                0x0000000081000194        0x0 c:/devkitpro/devkitppc/bin/../lib/gcc/powerpc-eabi/10.2.0/crtbegin.o
 .rela.text.GX_SetGPMetric
                0x0000000081000194        0x0 c:/devkitpro/devkitppc/bin/../lib/gcc/powerpc-eabi/10.2.0/crtbegin.o
 .rela.text.GX_Init
                0x0000000081000194        0x0 c:/devkitpro/devkitppc/bin/../lib/gcc/powerpc-eabi/10.2.0/crtbegin.o
 .rela.text.__CheckARGV
                0x0000000081000194        0x0 c:/devkitpro/devkitppc/bin/../lib/gcc/powerpc-eabi/10.2.0/crtbegin.o
 .rela.text.__lwp_sysinit
                0x0000000081000194        0x0 c:/devkitpro/devkitppc/bin/../lib/gcc/powerpc-eabi/10.2.0/crtbegin.o
 .rela.text.__irq_init
                0x0000000081000194        0x0 c:/devkitpro/devkitppc/bin/../lib/gcc/powerpc-eabi/10.2.0/crtbegin.o
 .rela.text.__gxx_personality_v0
                0x0000000081000194        0x0 c:/devkitpro/devkitppc/bin/../lib/gcc/powerpc-eabi/10.2.0/crtbegin.o
 .rela.text.__cxa_call_unexpected
                0x0000000081000194        0x0 c:/devkitpro/devkitppc/bin/../lib/gcc/powerpc-eabi/10.2.0/crtbegin.o
 .rela.text._ZN9__gnu_cxx24__concurrence_lock_errorD2Ev
                0x0000000081000194        0x0 c:/devkitpro/devkitppc/bin/../lib/gcc/powerpc-eabi/10.2.0/crtbegin.o
 .rela.text._ZN9__gnu_cxx26__concurrence_unlock_errorD2Ev
                0x0000000081000194        0x0 c:/devkitpro/devkitppc/bin/../lib/gcc/powerpc-eabi/10.2.0/crtbegin.o
 .rela.text._ZN9__gnu_cxx24__concurrence_lock_errorD0Ev
                0x0000000081000194        0x0 c:/devkitpro/devkitppc/bin/../lib/gcc/powerpc-eabi/10.2.0/crtbegin.o
 .rela.text._ZN9__gnu_cxx26__concurrence_unlock_errorD0Ev
                0x0000000081000194        0x0 c:/devkitpro/devkitppc/bin/../lib/gcc/powerpc-eabi/10.2.0/crtbegin.o
 .rela.text.unlikely._ZN9__gnu_cxx30__throw_concurrence_lock_errorEv
                0x0000000081000194        0x0 c:/devkitpro/devkitppc/bin/../lib/gcc/powerpc-eabi/10.2.0/crtbegin.o
 .rela.text._ZN12_GLOBAL__N_14pool4freeEPv.constprop.0
                0x0000000081000194        0x0 c:/devkitpro/devkitppc/bin/../lib/gcc/powerpc-eabi/10.2.0/crtbegin.o
 .rela.text._ZN12_GLOBAL__N_14pool8allocateEj.constprop.0
                0x0000000081000194        0x0 c:/devkitpro/devkitppc/bin/../lib/gcc/powerpc-eabi/10.2.0/crtbegin.o
 .rela.text._ZN10__cxxabiv120__si_class_type_infoD2Ev
                0x0000000081000194        0x0 c:/devkitpro/devkitppc/bin/../lib/gcc/powerpc-eabi/10.2.0/crtbegin.o
 .rela.text._ZN10__cxxabiv120__si_class_type_infoD0Ev
                0x0000000081000194        0x0 c:/devkitpro/devkitppc/bin/../lib/gcc/powerpc-eabi/10.2.0/crtbegin.o
 .rela.text._ZN10__cxxabiv117__class_type_infoD2Ev
                0x0000000081000194        0x0 c:/devkitpro/devkitppc/bin/../lib/gcc/powerpc-eabi/10.2.0/crtbegin.o
 .rela.text._ZN10__cxxabiv117__class_type_infoD0Ev
                0x0000000081000194        0x0 c:/devkitpro/devkitppc/bin/../lib/gcc/powerpc-eabi/10.2.0/crtbegin.o
 .rela.text.__gthread_active_p
                0x0000000081000194        0x0 c:/devkitpro/devkitppc/bin/../lib/gcc/powerpc-eabi/10.2.0/crtbegin.o
 .rela.text.__gthread_once
                0x0000000081000194        0x0 c:/devkitpro/devkitppc/bin/../lib/gcc/powerpc-eabi/10.2.0/crtbegin.o
 .rela.text.__gthread_key_create
                0x0000000081000194        0x0 c:/devkitpro/devkitppc/bin/../lib/gcc/powerpc-eabi/10.2.0/crtbegin.o
 .rela.text.__gthread_key_delete
                0x0000000081000194        0x0 c:/devkitpro/devkitppc/bin/../lib/gcc/powerpc-eabi/10.2.0/crtbegin.o
 .rela.text.__gthread_getspecific
                0x0000000081000194        0x0 c:/devkitpro/devkitppc/bin/../lib/gcc/powerpc-eabi/10.2.0/crtbegin.o
 .rela.text.__gthread_setspecific
                0x0000000081000194        0x0 c:/devkitpro/devkitppc/bin/../lib/gcc/powerpc-eabi/10.2.0/crtbegin.o
 .rela.text.__gthread_mutex_init_function
                0x0000000081000194        0x0 c:/devkitpro/devkitppc/bin/../lib/gcc/powerpc-eabi/10.2.0/crtbegin.o
 .rela.text.__gthread_mutex_destroy
                0x0000000081000194        0x0 c:/devkitpro/devkitppc/bin/../lib/gcc/powerpc-eabi/10.2.0/crtbegin.o
 .rela.text.__gthread_mutex_lock
                0x0000000081000194        0x0 c:/devkitpro/devkitppc/bin/../lib/gcc/powerpc-eabi/10.2.0/crtbegin.o
 .rela.text.__gthread_mutex_unlock
                0x0000000081000194        0x0 c:/devkitpro/devkitppc/bin/../lib/gcc/powerpc-eabi/10.2.0/crtbegin.o

.rel.fini
 *(.rel.fini)

.rela.fini
 *(.rela.fini)

.rel.rodata
 *(.rel.rodata .rel.rodata.* .rel.gnu.linkonce.r.*)

.rela.rodata    0x0000000081000194        0x0
 *(.rela.rodata .rela.rodata.* .rela.gnu.linkonce.r.*)
 .rela.rodata._ZTIN9__gnu_cxx24__concurrence_lock_errorE
                0x0000000081000194        0x0 c:/devkitpro/devkitppc/bin/../lib/gcc/powerpc-eabi/10.2.0/crtbegin.o
 .rela.rodata._ZTIN9__gnu_cxx26__concurrence_unlock_errorE
                0x0000000081000194        0x0 c:/devkitpro/devkitppc/bin/../lib/gcc/powerpc-eabi/10.2.0/crtbegin.o
 .rela.rodata._ZTVN9__gnu_cxx24__concurrence_lock_errorE
                0x0000000081000194        0x0 c:/devkitpro/devkitppc/bin/../lib/gcc/powerpc-eabi/10.2.0/crtbegin.o
 .rela.rodata._ZTVN9__gnu_cxx26__concurrence_unlock_errorE
                0x0000000081000194        0x0 c:/devkitpro/devkitppc/bin/../lib/gcc/powerpc-eabi/10.2.0/crtbegin.o
 .rela.rodata._ZTISt13bad_exception
                0x0000000081000194        0x0 c:/devkitpro/devkitppc/bin/../lib/gcc/powerpc-eabi/10.2.0/crtbegin.o
 .rela.rodata._ZTVSt13bad_exception
                0x0000000081000194        0x0 c:/devkitpro/devkitppc/bin/../lib/gcc/powerpc-eabi/10.2.0/crtbegin.o
 .rela.rodata._ZTIN10__cxxabiv120__si_class_type_infoE
                0x0000000081000194        0x0 c:/devkitpro/devkitppc/bin/../lib/gcc/powerpc-eabi/10.2.0/crtbegin.o
 .rela.rodata._ZTVN10__cxxabiv120__si_class_type_infoE
                0x0000000081000194        0x0 c:/devkitpro/devkitppc/bin/../lib/gcc/powerpc-eabi/10.2.0/crtbegin.o
 .rela.rodata._ZTIN10__cxxabiv117__class_type_infoE
                0x0000000081000194        0x0 c:/devkitpro/devkitppc/bin/../lib/gcc/powerpc-eabi/10.2.0/crtbegin.o
 .rela.rodata._ZTVN10__cxxabiv117__class_type_infoE
                0x0000000081000194        0x0 c:/devkitpro/devkitppc/bin/../lib/gcc/powerpc-eabi/10.2.0/crtbegin.o

.rel.data
 *(.rel.data .rel.data.* .rel.gnu.linkonce.d.*)

.rela.data
 *(.rela.data .rela.data.* .rela.gnu.linkonce.d.*)

.rel.tdata
 *(.rel.tdata .rel.tdata.* .rel.gnu.linkonce.td.*)

.rela.tdata
 *(.rela.tdata .rela.tdata.* .rela.gnu.linkonce.td.*)

.rel.tbss
 *(.rel.tbss .rel.tbss.* .rel.gnu.linkonce.tb.*)

.rela.tbss
 *(.rela.tbss .rela.tbss.* .rela.gnu.linkonce.tb.*)

.rel.ctors
 *(.rel.ctors)

.rela.ctors
 *(.rela.ctors)

.rel.dtors
 *(.rel.dtors)

.rela.dtors
 *(.rela.dtors)

.rel.got
 *(.rel.got)

.rela.got
 *(.rela.got)

.rela.got1
 *(.rela.got1)

.rela.got2
 *(.rela.got2)

.rel.sdata
 *(.rel.sdata .rel.sdata.* .rel.gnu.linkonce.s.*)

.rela.sdata     0x0000000081000194        0x0
 *(.rela.sdata .rela.sdata.* .rela.gnu.linkonce.s.*)
 .rela.sdata._ZTISt9exception
                0x0000000081000194        0x0 c:/devkitpro/devkitppc/bin/../lib/gcc/powerpc-eabi/10.2.0/crtbegin.o
 .rela.sdata._ZTIN10__cxxabiv115__forced_unwindE
                0x0000000081000194        0x0 c:/devkitpro/devkitppc/bin/../lib/gcc/powerpc-eabi/10.2.0/crtbegin.o
 .rela.sdata._ZTIN10__cxxabiv119__foreign_exceptionE
                0x0000000081000194        0x0 c:/devkitpro/devkitppc/bin/../lib/gcc/powerpc-eabi/10.2.0/crtbegin.o
 .rela.sdata._ZTISt9type_info
                0x0000000081000194        0x0 c:/devkitpro/devkitppc/bin/../lib/gcc/powerpc-eabi/10.2.0/crtbegin.o

.rel.sbss
 *(.rel.sbss .rel.sbss.* .rel.gnu.linkonce.sb.*)

.rela.sbss
 *(.rela.sbss .rela.sbss.* .rel.gnu.linkonce.sb.*)

.rel.sdata2
 *(.rel.sdata2 .rel.sdata2.* .rel.gnu.linkonce.s2.*)

.rela.sdata2    0x0000000081000194        0x0
 *(.rela.sdata2 .rela.sdata2.* .rela.gnu.linkonce.s2.*)
 .rela.sdata2.__sys_inIPL
                0x0000000081000194        0x0 c:/devkitpro/devkitppc/bin/../lib/gcc/powerpc-eabi/10.2.0/crtbegin.o

.rel.sbss2
 *(.rel.sbss2 .rel.sbss2.* .rel.gnu.linkonce.sb2.*)

.rela.sbss2
 *(.rela.sbss2 .rela.sbss2.* .rela.gnu.linkonce.sb2.*)

.rel.bss
 *(.rel.bss .rel.bss.* .rel.gnu.linkonce.b.*)

.rela.bss
 *(.rela.bss .rela.bss.* .rela.gnu.linkonce.b.*)

.rel.plt
 *(.rel.plt)

.rela.plt
 *(.rela.plt)

.text           0x00000000810001a0   0x109220
 *(.text)
 .text          0x00000000810001a0      0x168 C:/devkitPro/libogc/lib/cube\libfreetype.a(ftinit.o)
                0x00000000810001a0                FT_Add_Default_Modules
                0x000000008100021c                FT_Init_FreeType
                0x00000000810002a8                FT_Done_FreeType
 .text          0x0000000081000308    0x11034 C:/devkitPro/libogc/lib/cube\libfreetype.a(ftbase.o)
                0x000000008100041c                FT_Get_Advance
                0x0000000081000550                FT_Get_Advances
                0x0000000081000790                FT_RoundFix
                0x00000000810007ec                FT_CeilFix
                0x0000000081000848                FT_FloorFix
                0x0000000081000894                FT_Sqrt32
                0x0000000081000bec                FT_MulDiv
                0x0000000081000dd4                FT_MulDiv_No_Round
                0x0000000081000f6c                FT_MulFix
                0x00000000810010bc                FT_DivFix
                0x0000000081001214                FT_Matrix_Multiply
                0x00000000810013c0                FT_Matrix_Invert
                0x0000000081001500                FT_Matrix_Multiply_Scaled
                0x00000000810016dc                FT_Vector_Transform_Scaled
                0x0000000081001800                FT_SqrtFixed
                0x00000000810018d8                ft_corner_orientation
                0x0000000081001a9c                ft_corner_is_flat
                0x0000000081001c00                FT_GlyphLoader_New
                0x0000000081001c80                FT_GlyphLoader_Rewind
                0x0000000081001d10                FT_GlyphLoader_Reset
                0x0000000081001e28                FT_GlyphLoader_Done
                0x0000000081001f8c                FT_GlyphLoader_CreateExtra
                0x00000000810020a8                FT_GlyphLoader_CheckPoints
                0x00000000810023d4                FT_GlyphLoader_CheckSubGlyphs
                0x00000000810024ec                FT_GlyphLoader_Prepare
                0x0000000081002560                FT_GlyphLoader_Add
                0x00000000810026dc                FT_GlyphLoader_CopyPoints
                0x0000000081002878                ft_service_list_lookup
                0x000000008100292c                ft_validator_init
                0x000000008100298c                ft_validator_run
                0x00000000810029b4                ft_validator_error
                0x00000000810029f4                FT_Stream_New
                0x0000000081002bbc                FT_Stream_Free
                0x0000000081002d5c                ft_glyphslot_free_bitmap
                0x0000000081002e18                ft_glyphslot_set_bitmap
                0x0000000081002e64                ft_glyphslot_alloc_bitmap
                0x000000008100314c                FT_New_GlyphSlot
                0x00000000810032a4                FT_Done_GlyphSlot
                0x00000000810033c8                FT_Set_Transform
                0x0000000081003760                FT_Load_Glyph
                0x0000000081003e20                FT_Load_Char
                0x0000000081004794                FT_New_Face
                0x000000008100481c                FT_New_Memory_Face
                0x0000000081005f98                FT_Open_Face
                0x00000000810066ac                FT_Attach_File
                0x0000000081006724                FT_Attach_Stream
                0x0000000081006850                FT_Reference_Face
                0x000000008100688c                FT_Done_Face
                0x0000000081006998                FT_New_Size
                0x0000000081006b64                FT_Done_Size
                0x0000000081006cb0                FT_Match_Size
                0x0000000081006ee4                ft_synthesize_vertical_metrics
                0x0000000081007104                FT_Select_Metrics
                0x000000008100726c                FT_Request_Metrics
                0x00000000810076e4                FT_Select_Size
                0x00000000810077d0                FT_Request_Size
                0x000000008100792c                FT_Set_Char_Size
                0x0000000081007a48                FT_Set_Pixel_Sizes
                0x0000000081007b5c                FT_Get_Kerning
                0x0000000081007d68                FT_Get_Track_Kerning
                0x0000000081007e68                FT_Select_Charmap
                0x0000000081007f94                FT_Set_Charmap
                0x00000000810080a0                FT_Get_Charmap_Index
                0x00000000810081f4                FT_CMap_Done
                0x00000000810083fc                FT_CMap_New
                0x00000000810085ec                FT_Get_Char_Index
                0x0000000081008678                FT_Get_First_Char
                0x0000000081008758                FT_Get_Next_Char
                0x0000000081008858                FT_Face_GetCharVariantIndex
                0x000000008100892c                FT_Face_GetCharVariantIsDefault
                0x00000000810089c8                FT_Face_GetVariantSelectors
                0x0000000081008a60                FT_Face_GetVariantsOfChar
                0x0000000081008b00                FT_Face_GetCharsOfVariant
                0x0000000081008ba0                FT_Get_Name_Index
                0x0000000081008cf4                FT_Get_Glyph_Name
                0x0000000081008e90                FT_Get_Postscript_Name
                0x0000000081008fe4                FT_Get_Sfnt_Table
                0x00000000810090c4                FT_Load_Sfnt_Table
                0x00000000810091c0                FT_Sfnt_Table_Info
                0x00000000810092bc                FT_Get_CMap_Language_ID
                0x00000000810093bc                FT_Get_CMap_Format
                0x00000000810094bc                FT_Activate_Size
                0x0000000081009534                FT_Lookup_Renderer
                0x00000000810099a8                FT_Get_Renderer
                0x00000000810099f4                FT_Set_Renderer
                0x0000000081009b58                FT_Render_Glyph_Internal
                0x0000000081009cdc                FT_Render_Glyph
                0x0000000081009e5c                FT_Add_Module
                0x000000008100a22c                FT_Get_Module
                0x000000008100a30c                FT_Get_Module_Interface
                0x000000008100a374                ft_module_get_service
                0x000000008100a4c0                FT_Remove_Module
                0x000000008100a5e0                FT_Reference_Library
                0x000000008100a61c                FT_New_Library
                0x000000008100a740                FT_Library_Version
                0x000000008100a800                FT_Done_Library
                0x000000008100aa48                FT_Set_Debug_Hook
                0x000000008100aab8                FT_Get_TrueType_Engine_Type
                0x000000008100ab50                ft_stub_set_char_sizes
                0x000000008100ac50                ft_stub_set_pixel_sizes
                0x000000008100ad0c                FT_Get_SubGlyph_Info
                0x000000008100ae20                FT_Outline_Decompose
                0x000000008100b548                FT_Outline_New_Internal
                0x000000008100b6e8                FT_Outline_New
                0x000000008100b75c                FT_Outline_Check
                0x000000008100b8a0                FT_Outline_Copy
                0x000000008100ba2c                FT_Outline_Done_Internal
                0x000000008100bb28                FT_Outline_Done
                0x000000008100bb8c                FT_Outline_Get_CBox
                0x000000008100bd28                FT_Outline_Translate
                0x000000008100bddc                FT_Outline_Reverse
                0x000000008100bfa0                FT_Outline_Render
                0x000000008100c0f4                FT_Outline_Get_Bitmap
                0x000000008100c1a8                FT_Vector_Transform
                0x000000008100c2ac                FT_Outline_Transform
                0x000000008100c354                FT_Outline_Embolden
                0x000000008100c3a0                FT_Outline_EmboldenXY
                0x000000008100c7a0                FT_Outline_Get_Orientation
                0x000000008100c934                FT_Raccess_Get_HeaderInfo
                0x000000008100ccc0                FT_Raccess_Get_DataOffsets
                0x000000008100d0c4                FT_Raccess_Guess
                0x000000008100dd6c                FT_Get_Sfnt_Name_Count
                0x000000008100ddc0                FT_Get_Sfnt_Name
                0x000000008100dfdc                FT_Stream_OpenMemory
                0x000000008100e050                FT_Stream_Close
                0x000000008100e0b4                FT_Stream_Seek
                0x000000008100e174                FT_Stream_Skip
                0x000000008100e1e0                FT_Stream_Pos
                0x000000008100e20c                FT_Stream_Read
                0x000000008100e268                FT_Stream_ReadAt
                0x000000008100e380                FT_Stream_TryRead
                0x000000008100e494                FT_Stream_ExtractFrame
                0x000000008100e518                FT_Stream_ReleaseFrame
                0x000000008100e5a4                FT_Stream_EnterFrame
                0x000000008100e79c                FT_Stream_ExitFrame
                0x000000008100e824                FT_Stream_GetChar
                0x000000008100e88c                FT_Stream_GetUShort
                0x000000008100e928                FT_Stream_GetUShortLE
                0x000000008100e9c4                FT_Stream_GetUOffset
                0x000000008100ea70                FT_Stream_GetULong
                0x000000008100eb34                FT_Stream_GetULongLE
                0x000000008100ebf8                FT_Stream_ReadChar
                0x000000008100ecf8                FT_Stream_ReadUShort
                0x000000008100ee54                FT_Stream_ReadUShortLE
                0x000000008100efb0                FT_Stream_ReadUOffset
                0x000000008100f11c                FT_Stream_ReadULong
                0x000000008100f2a0                FT_Stream_ReadULongLE
                0x000000008100f424                FT_Stream_ReadFields
                0x0000000081010088                FT_Cos
                0x00000000810100ec                FT_Sin
                0x0000000081010138                FT_Tan
                0x00000000810101a8                FT_Atan2
                0x000000008101022c                FT_Vector_Unit
                0x00000000810102b4                FT_Vector_Rotate
                0x0000000081010418                FT_Vector_Length
                0x0000000081010510                FT_Vector_Polarize
                0x00000000810105ec                FT_Vector_From_Polar
                0x000000008101064c                FT_Angle_Diff
                0x0000000081010700                ft_mem_alloc
                0x0000000081010790                ft_mem_qalloc
                0x0000000081010840                ft_mem_realloc
                0x000000008101091c                ft_mem_qrealloc
                0x0000000081010a9c                ft_mem_free
                0x0000000081010af8                ft_mem_dup
                0x0000000081010b8c                ft_mem_strdup
                0x0000000081010c08                ft_mem_strcpyn
                0x0000000081010ca0                FT_List_Find
                0x0000000081010d10                FT_List_Add
                0x0000000081010d90                FT_List_Insert
                0x0000000081010e10                FT_List_Remove
                0x0000000081010ea0                FT_List_Up
                0x0000000081010f5c                FT_List_Iterate
                0x0000000081011000                FT_List_Finalize
                0x00000000810110cc                ft_highpow2
                0x0000000081011124                FT_Alloc
                0x0000000081011184                FT_QAlloc
                0x00000000810111e4                FT_Realloc
                0x000000008101125c                FT_QRealloc
                0x00000000810112d4                FT_Free
 .text          0x000000008101133c    0x14a3c C:/devkitPro/libogc/lib/cube\libfreetype.a(truetype.o)
                0x0000000081019620                TT_New_Context
                0x00000000810211c8                TT_RunIns
 .text          0x0000000081025d78     0x9ff4 C:/devkitPro/libogc/lib/cube\libfreetype.a(type1.o)
 .text          0x000000008102fd6c     0xc584 C:/devkitPro/libogc/lib/cube\libfreetype.a(cff.o)
 .text          0x000000008103c2f0     0x366c C:/devkitPro/libogc/lib/cube\libfreetype.a(type1cid.o)
 .text          0x000000008103f95c     0x73ec C:/devkitPro/libogc/lib/cube\libfreetype.a(pfr.o)
 .text          0x0000000081046d48     0x3a4c C:/devkitPro/libogc/lib/cube\libfreetype.a(type42.o)
 .text          0x000000008104a794     0x1d04 C:/devkitPro/libogc/lib/cube\libfreetype.a(winfnt.o)
 .text          0x000000008104c498     0x39ac C:/devkitPro/libogc/lib/cube\libfreetype.a(pcf.o)
 .text          0x000000008104fe44     0x7154 C:/devkitPro/libogc/lib/cube\libfreetype.a(bdf.o)
 .text          0x0000000081056f98    0x107e4 C:/devkitPro/libogc/lib/cube\libfreetype.a(sfnt.o)
 .text          0x000000008106777c     0xb948 C:/devkitPro/libogc/lib/cube\libfreetype.a(autofit.o)
                0x00000000810685fc                af_glyph_hints_dump_points
                0x0000000081068620                af_glyph_hints_dump_segments
                0x0000000081068644                af_glyph_hints_get_num_segments
                0x0000000081068674                af_glyph_hints_get_segment_offset
                0x00000000810686a8                af_glyph_hints_dump_edges
 .text          0x00000000810730c4     0x7200 C:/devkitPro/libogc/lib/cube\libfreetype.a(pshinter.o)
                0x0000000081079df4                ps_hints_apply
 .text          0x000000008107a2c4     0x5530 C:/devkitPro/libogc/lib/cube\libfreetype.a(raster.o)
 .text          0x000000008107f7f4     0x3a6c C:/devkitPro/libogc/lib/cube\libfreetype.a(smooth.o)
 .text          0x0000000081083260     0x60b4 C:/devkitPro/libogc/lib/cube\libfreetype.a(ftgzip.o)
                0x00000000810890b0                FT_Stream_OpenGzip
 .text          0x0000000081089314     0x1688 C:/devkitPro/libogc/lib/cube\libfreetype.a(ftlzw.o)
                0x0000000081089a7c                FT_Stream_OpenLZW
                0x000000008108a198                ft_lzwstate_reset
                0x000000008108a21c                ft_lzwstate_init
                0x000000008108a2c8                ft_lzwstate_done
                0x000000008108a384                ft_lzwstate_io
 .text          0x000000008108a99c     0x74b8 C:/devkitPro/libogc/lib/cube\libfreetype.a(psaux.o)
 .text          0x0000000081091e54      0xf54 C:/devkitPro/libogc/lib/cube\libfreetype.a(psnames.o)
 .text          0x0000000081092da8      0x408 C:/devkitPro/libogc/lib/cube\libfreetype.a(ftsystem.o)
                0x0000000081092fa4                FT_Stream_Open
                0x00000000810930e8                FT_New_Memory
                0x0000000081093174                FT_Done_Memory
 .text          0x00000000810931b0      0x4f4 C:/devkitPro/libogc/lib/cube\libogc.a(cache_asm.o)
                0x00000000810931b0                DCFlashInvalidate
                0x00000000810931c4                DCEnable
                0x00000000810931d8                DCDisable
                0x00000000810931ec                DCFreeze
                0x0000000081093200                DCUnfreeze
                0x0000000081093214                DCTouchLoad
                0x000000008109321c                DCBlockZero
                0x0000000081093224                DCBlockStore
                0x000000008109322c                DCBlockFlush
                0x0000000081093234                DCBlockInvalidate
                0x000000008109323c                DCInvalidateRange
                0x000000008109326c                DCFlushRange
                0x00000000810932a0                DCStoreRange
                0x00000000810932d4                DCFlushRangeNoSync
                0x0000000081093304                DCStoreRangeNoSync
                0x0000000081093334                DCZeroRange
                0x0000000081093364                DCTouchRange
                0x0000000081093394                ICInvalidateRange
                0x00000000810933cc                ICFlashInvalidate
                0x00000000810933e0                ICEnable
                0x00000000810933f4                ICDisable
                0x0000000081093408                ICFreeze
                0x000000008109341c                ICUnfreeze
                0x0000000081093430                ICBlockInvalidate
                0x0000000081093438                ICSync
                0x0000000081093440                L2Init
                0x0000000081093488                L2Enable
                0x00000000810934a4                L2Disable
                0x00000000810934bc                L2GlobalInvalidate
                0x0000000081093514                __LCEnable
                0x00000000810935e0                LCDisable
                0x0000000081093608                LCAllocOneTag
                0x000000008109361c                LCAllocTags
                0x000000008109365c                LCLoadBlocks
                0x0000000081093680                LCStoreBlocks
 .text          0x00000000810936a4      0x434 C:/devkitPro/libogc/lib/cube\libogc.a(system_asm.o)
                0x00000000810936a4                __realmode
                0x00000000810936bc                __configBATS
                0x0000000081093790                __InitFPRS
                0x00000000810938bc                __InitPS
                0x0000000081093918                __InitCache
                0x0000000081093970                __InitSystem
                0x00000000810939e8                __flush_cache
                0x0000000081093a1c                __reset
                0x0000000081093a8c                __InitBATS
                0x0000000081093aa8                SYS_SwitchFiber
 .text          0x0000000081093ad8      0x8dc C:/devkitPro/libogc/lib/cube\libogc.a(gu_psasm.o)
                0x0000000081093ad8                ps_guMtxConcat
                0x0000000081093b9c                ps_guMtxIdentity
                0x0000000081093bc8                ps_guMtxCopy
                0x0000000081093bfc                ps_guMtxTranspose
                0x0000000081093c4c                ps_guMtxInverse
                0x0000000081093d44                ps_guMtxInvXpose
                0x0000000081093e0c                ps_guMtxScale
                0x0000000081093e34                ps_guMtxScaleApply
                0x0000000081093e8c                ps_guMtxApplyScale
                0x0000000081093ef0                ps_guMtxTrans
                0x0000000081093f24                ps_guMtxTransApply
                0x0000000081093f70                ps_guMtxApplyTrans
                0x0000000081093fec                ps_guMtxRotTrig
                0x000000008109409c                __ps_guMtxRotAxisRadInternal
                0x000000008109415c                ps_guMtxReflect
                0x00000000810941cc                ps_guVecAdd
                0x00000000810941f0                ps_guVecSub
                0x0000000081094214                ps_guVecScale
                0x0000000081094230                ps_guVecNormalize
                0x0000000081094274                ps_guVecCross
                0x00000000810942b0                ps_guVecDotProduct
                0x00000000810942d0                ps_guVecMultiply
                0x0000000081094324                ps_guVecMultiplySR
                0x0000000081094394                ps_guQuatDotProduct
 *fill*         0x00000000810943b4        0xc 00000000
 .text          0x00000000810943c0      0x44c C:/devkitPro/libogc/lib/cube\libogc.a(lwp_handler.o)
                0x00000000810943c0                _cpu_context_save_fp
                0x0000000081094500                _cpu_context_restore_fp
                0x0000000081094640                _cpu_context_switch
                0x0000000081094720                _cpu_context_save
                0x00000000810947a0                _cpu_context_restore
 .text          0x000000008109480c      0x1ac C:/devkitPro/libogc/lib/cube\libogc.a(irq_handler.o)
                0x000000008109480c                irq_exceptionhandler
 .text          0x00000000810949b8      0x1ac C:/devkitPro/libogc/lib/cube\libogc.a(decrementer_handler.o)
                0x00000000810949b8                dec_exceptionhandler
 .text          0x0000000081094b64      0x35c C:/devkitPro/libogc/lib/cube\libogc.a(exception_handler.o)
                0x0000000081094b64                exceptionhandler_start
                0x0000000081094be0                exceptionhandler_patch
                0x0000000081094c14                exceptionhandler_end
                0x0000000081094c18                default_exceptionhandler
                0x0000000081094d48                fpu_exceptionhandler
                0x0000000081094e90                systemcallhandler_start
                0x0000000081094ebc                systemcallhandler_end
 .text          0x0000000081094ec0       0x48 c:/devkitpro/devkitppc/bin/../lib/gcc/powerpc-eabi/10.2.0\libgcc.a(eabi.o)
                0x0000000081094ec0                __eabi
 .text          0x0000000081094f08       0x58 c:/devkitpro/devkitppc/bin/../lib/gcc/powerpc-eabi/10.2.0\libgcc.a(crtresxgpr.o)
                0x0000000081094f08                _restgpr_14_x
                0x0000000081094f0c                _restgpr_15_x
                0x0000000081094f10                _restgpr_16_x
                0x0000000081094f14                _restgpr_17_x
                0x0000000081094f18                _restgpr_18_x
                0x0000000081094f1c                _restgpr_19_x
                0x0000000081094f20                _restgpr_20_x
                0x0000000081094f24                _restgpr_21_x
                0x0000000081094f28                _restgpr_22_x
                0x0000000081094f2c                _restgpr_23_x
                0x0000000081094f30                _restgpr_24_x
                0x0000000081094f34                _restgpr_25_x
                0x0000000081094f38                _restgpr_26_x
                0x0000000081094f3c                _restgpr_27_x
                0x0000000081094f40                _restgpr_28_x
                0x0000000081094f44                _restgpr_29_x
                0x0000000081094f48                _restgpr_30_x
                0x0000000081094f4c                _restgpr_31_x
 .text          0x0000000081094f60      0x180 c:/devkitpro/devkitppc/bin/../lib/gcc/powerpc-eabi/10.2.0/../../../../powerpc-eabi/lib\libc.a(lib_a-setjmp.o)
                0x0000000081094f60                setjmp
                0x000000008109501c                longjmp
 *(.text.*)
 .text.deregister_tm_clones
                0x00000000810950e0       0x30 c:/devkitpro/devkitppc/bin/../lib/gcc/powerpc-eabi/10.2.0/crtbegin.o
 .text.register_tm_clones
                0x0000000081095110       0x3c c:/devkitpro/devkitppc/bin/../lib/gcc/powerpc-eabi/10.2.0/crtbegin.o
 .text.__do_global_dtors_aux
                0x000000008109514c       0xd0 c:/devkitpro/devkitppc/bin/../lib/gcc/powerpc-eabi/10.2.0/crtbegin.o
 .text.frame_dummy
                0x000000008109521c       0x44 c:/devkitpro/devkitppc/bin/../lib/gcc/powerpc-eabi/10.2.0/crtbegin.o
 .text.__crtmain
                0x0000000081095260       0x44 c:/devkitpro/devkitppc/bin/../lib/gcc/powerpc-eabi/10.2.0/../../../../powerpc-eabi/lib/crtmain.o
                0x0000000081095264                __crtmain
 .text._ZN5EnemyC2Ev
                0x00000000810952a4       0x1c Enemy.o
                0x00000000810952a4                _ZN5EnemyC1Ev
                0x00000000810952a4                _ZN5EnemyC2Ev
 .text._ZN5EnemyD2Ev
                0x00000000810952c0        0x4 Enemy.o
                0x00000000810952c0                _ZN5EnemyD2Ev
                0x00000000810952c0                _ZN5EnemyD1Ev
 .text._ZN5Enemy12AIControllerEv
                0x00000000810952c4       0x3c Enemy.o
                0x00000000810952c4                _ZN5Enemy12AIControllerEv
 .text.startup.main
                0x0000000081095300      0x2e4 main.o
                0x0000000081095300                main
 .text._ZN6PlayerC2Ev
                0x00000000810955e4       0x70 Player.o
                0x00000000810955e4                _ZN6PlayerC1Ev
                0x00000000810955e4                _ZN6PlayerC2Ev
 .text._ZN6PlayerD2Ev
                0x0000000081095654        0x4 Player.o
                0x0000000081095654                _ZN6PlayerD1Ev
                0x0000000081095654                _ZN6PlayerD2Ev
 .text._ZN6Player6InputsEPA70_i
                0x0000000081095658      0x64c Player.o
                0x0000000081095658                _ZN6Player6InputsEPA70_i
 .text.GRRLIB_InitTileSet
                0x0000000081095ca4       0xc8 C:/devkitPro/libogc/lib/cube\libgrrlib.a(GRRLIB_bmf.o)
                0x0000000081095ca4                GRRLIB_InitTileSet
 .text.GRRLIB_FillScreen
                0x0000000081095d6c      0x10c C:/devkitPro/libogc/lib/cube\libgrrlib.a(GRRLIB_core.o)
                0x0000000081095d6c                GRRLIB_FillScreen
 .text.GRRLIB_Exit
                0x0000000081095e78       0xfc C:/devkitPro/libogc/lib/cube\libgrrlib.a(GRRLIB_core.o)
                0x0000000081095e78                GRRLIB_Exit
 .text.GRRLIB_Init
                0x0000000081095f74      0x520 C:/devkitPro/libogc/lib/cube\libgrrlib.a(GRRLIB_core.o)
                0x0000000081095f74                GRRLIB_Init
 .text.GRRLIB_DrawTile
                0x0000000081096494      0x478 C:/devkitPro/libogc/lib/cube\libgrrlib.a(GRRLIB_render.o)
                0x0000000081096494                GRRLIB_DrawTile
 .text.GRRLIB_Render
                0x000000008109690c       0xbc C:/devkitPro/libogc/lib/cube\libgrrlib.a(GRRLIB_render.o)
                0x000000008109690c                GRRLIB_Render
 .text.GRRLIB_LoadTexturePNG
                0x00000000810969c8      0x140 C:/devkitPro/libogc/lib/cube\libgrrlib.a(GRRLIB_texEdit.o)
                0x00000000810969c8                GRRLIB_LoadTexturePNG
 .text.GRRLIB_LoadTextureBMP
                0x0000000081096b08      0x7a4 C:/devkitPro/libogc/lib/cube\libgrrlib.a(GRRLIB_texEdit.o)
                0x0000000081096b08                GRRLIB_LoadTextureBMP
 .text.GRRLIB_LoadTextureJPGEx
                0x00000000810972ac      0x304 C:/devkitPro/libogc/lib/cube\libgrrlib.a(GRRLIB_texEdit.o)
                0x00000000810972ac                GRRLIB_LoadTextureJPGEx
 .text.GRRLIB_LoadTextureJPG
                0x00000000810975b0       0x5c C:/devkitPro/libogc/lib/cube\libgrrlib.a(GRRLIB_texEdit.o)
                0x00000000810975b0                GRRLIB_LoadTextureJPG
 .text.GRRLIB_LoadTexture
                0x000000008109760c       0x4c C:/devkitPro/libogc/lib/cube\libgrrlib.a(GRRLIB_texEdit.o)
                0x000000008109760c                GRRLIB_LoadTexture
 .text.GRRLIB_InitTTF
                0x0000000081097658       0x30 C:/devkitPro/libogc/lib/cube\libgrrlib.a(GRRLIB_ttf.o)
                0x0000000081097658                GRRLIB_InitTTF
 .text.GRRLIB_ExitTTF
                0x0000000081097688        0xc C:/devkitPro/libogc/lib/cube\libgrrlib.a(GRRLIB_ttf.o)
                0x0000000081097688                GRRLIB_ExitTTF
 .text.pngu_read_data_from_buffer
                0x0000000081097694       0x68 C:/devkitPro/libogc/lib/cube\libpngu.a(pngu.o)
                0x0000000081097694                pngu_read_data_from_buffer
 .text.pngu_free_info.part.0
                0x00000000810976fc       0x80 C:/devkitPro/libogc/lib/cube\libpngu.a(pngu.o)
 .text.PNGU_SelectImageFromBuffer
                0x000000008109777c       0x78 C:/devkitPro/libogc/lib/cube\libpngu.a(pngu.o)
                0x000000008109777c                PNGU_SelectImageFromBuffer
 .text.PNGU_ReleaseImageContext
                0x00000000810977f4       0x9c C:/devkitPro/libogc/lib/cube\libpngu.a(pngu.o)
                0x00000000810977f4                PNGU_ReleaseImageContext
 .text.pngu_info
                0x0000000081097890      0x550 C:/devkitPro/libogc/lib/cube\libpngu.a(pngu.o)
                0x0000000081097890                pngu_info
 .text.PNGU_GetImageProperties
                0x0000000081097de0       0xa0 C:/devkitPro/libogc/lib/cube\libpngu.a(pngu.o)
                0x0000000081097de0                PNGU_GetImageProperties
 .text.pngu_decode
                0x0000000081097e80      0x264 C:/devkitPro/libogc/lib/cube\libpngu.a(pngu.o)
                0x0000000081097e80                pngu_decode
 .text.PNGU_DecodeTo4x4RGBA8
                0x00000000810980e4      0x3dc C:/devkitPro/libogc/lib/cube\libpngu.a(pngu.o)
                0x00000000810980e4                PNGU_DecodeTo4x4RGBA8
 .text.png_build_16bit_table
                0x00000000810984c0      0x250 C:/devkitPro/libogc/lib/cube\libpng.a(png.o)
 .text.png_gamma_8bit_correct.part.0
                0x0000000081098710       0x98 C:/devkitPro/libogc/lib/cube\libpng.a(png.o)
 .text.png_build_8bit_table
                0x00000000810987a8       0xc4 C:/devkitPro/libogc/lib/cube\libpng.a(png.o)
 .text.png_gamma_16bit_correct.part.0
                0x000000008109886c       0x98 C:/devkitPro/libogc/lib/cube\libpng.a(png.o)
 .text.png_free_data.part.0
                0x0000000081098904      0x4f4 C:/devkitPro/libogc/lib/cube\libpng.a(png.o)
 .text.png_set_sig_bytes
                0x0000000081098df8       0x3c C:/devkitPro/libogc/lib/cube\libpng.a(png.o)
                0x0000000081098df8                png_set_sig_bytes
 .text.png_sig_cmp
                0x0000000081098e34       0x80 C:/devkitPro/libogc/lib/cube\libpng.a(png.o)
                0x0000000081098e34                png_sig_cmp
 .text.png_zalloc
                0x0000000081098eb4       0x68 C:/devkitPro/libogc/lib/cube\libpng.a(png.o)
                0x0000000081098eb4                png_zalloc
 .text.png_zfree
                0x0000000081098f1c        0x4 C:/devkitPro/libogc/lib/cube\libpng.a(png.o)
                0x0000000081098f1c                png_zfree
 .text.png_reset_crc
                0x0000000081098f20       0x3c C:/devkitPro/libogc/lib/cube\libpng.a(png.o)
                0x0000000081098f20                png_reset_crc
 .text.png_calculate_crc
                0x0000000081098f5c       0x78 C:/devkitPro/libogc/lib/cube\libpng.a(png.o)
                0x0000000081098f5c                png_calculate_crc
 .text.png_user_version_check
                0x0000000081098fd4      0x13c C:/devkitPro/libogc/lib/cube\libpng.a(png.o)
                0x0000000081098fd4                png_user_version_check
 .text.png_create_info_struct
                0x0000000081099110       0x74 C:/devkitPro/libogc/lib/cube\libpng.a(png.o)
                0x0000000081099110                png_create_info_struct
 .text.png_free_data
                0x0000000081099184       0x14 C:/devkitPro/libogc/lib/cube\libpng.a(png.o)
                0x0000000081099184                png_free_data
 .text.png_info_destroy
                0x0000000081099198       0xf4 C:/devkitPro/libogc/lib/cube\libpng.a(png.o)
                0x0000000081099198                png_info_destroy
 .text.png_get_io_ptr
                0x000000008109928c       0x18 C:/devkitPro/libogc/lib/cube\libpng.a(png.o)
                0x000000008109928c                png_get_io_ptr
 .text.png_init_io
                0x00000000810992a4       0x10 C:/devkitPro/libogc/lib/cube\libpng.a(png.o)
                0x00000000810992a4                png_init_io
 .text.png_chunk_unknown_handling
                0x00000000810992b4       0x5c C:/devkitPro/libogc/lib/cube\libpng.a(png.o)
                0x00000000810992b4                png_chunk_unknown_handling
 .text.png_check_cHRM_fixed
                0x0000000081099310      0x250 C:/devkitPro/libogc/lib/cube\libpng.a(png.o)
                0x0000000081099310                png_check_cHRM_fixed
 .text.png_check_IHDR
                0x0000000081099560      0x34c C:/devkitPro/libogc/lib/cube\libpng.a(png.o)
                0x0000000081099560                png_check_IHDR
 .text.png_check_fp_number
                0x00000000810998ac      0x158 C:/devkitPro/libogc/lib/cube\libpng.a(png.o)
                0x00000000810998ac                png_check_fp_number
 .text.png_check_fp_string
                0x0000000081099a04       0x8c C:/devkitPro/libogc/lib/cube\libpng.a(png.o)
                0x0000000081099a04                png_check_fp_string
 .text.png_muldiv
                0x0000000081099a90       0xf8 C:/devkitPro/libogc/lib/cube\libpng.a(png.o)
                0x0000000081099a90                png_muldiv
 .text.png_reciprocal
                0x0000000081099b88       0xa4 C:/devkitPro/libogc/lib/cube\libpng.a(png.o)
                0x0000000081099b88                png_reciprocal
 .text.png_XYZ_from_xy
                0x0000000081099c2c      0x6c4 C:/devkitPro/libogc/lib/cube\libpng.a(png.o)
                0x0000000081099c2c                png_XYZ_from_xy
 .text.png_XYZ_from_xy_checked
                0x000000008109a2f0       0xc0 C:/devkitPro/libogc/lib/cube\libpng.a(png.o)
                0x000000008109a2f0                png_XYZ_from_xy_checked
 .text.png_reciprocal2
                0x000000008109a3b0       0xbc C:/devkitPro/libogc/lib/cube\libpng.a(png.o)
                0x000000008109a3b0                png_reciprocal2
 .text.png_gamma_8bit_correct
                0x000000008109a46c       0x18 C:/devkitPro/libogc/lib/cube\libpng.a(png.o)
                0x000000008109a46c                png_gamma_8bit_correct
 .text.png_gamma_correct
                0x000000008109a484       0x6c C:/devkitPro/libogc/lib/cube\libpng.a(png.o)
                0x000000008109a484                png_gamma_correct
 .text.png_gamma_significant
                0x000000008109a4f0       0x18 C:/devkitPro/libogc/lib/cube\libpng.a(png.o)
                0x000000008109a4f0                png_gamma_significant
 .text.png_destroy_gamma_table
                0x000000008109a508      0x29c C:/devkitPro/libogc/lib/cube\libpng.a(png.o)
                0x000000008109a508                png_destroy_gamma_table
 .text.png_build_gamma_table
                0x000000008109a7a4      0x8a8 C:/devkitPro/libogc/lib/cube\libpng.a(png.o)
                0x000000008109a7a4                png_build_gamma_table
 .text.png_format_buffer.isra.0
                0x000000008109b04c      0x134 C:/devkitPro/libogc/lib/cube\libpng.a(pngerror.o)
 .text.png_safecat
                0x000000008109b180       0xac C:/devkitPro/libogc/lib/cube\libpng.a(pngerror.o)
                0x000000008109b180                png_safecat
 .text.png_format_number
                0x000000008109b22c      0x170 C:/devkitPro/libogc/lib/cube\libpng.a(pngerror.o)
                0x000000008109b22c                png_format_number
 .text.png_warning
                0x000000008109b39c       0xb4 C:/devkitPro/libogc/lib/cube\libpng.a(pngerror.o)
                0x000000008109b39c                png_warning
 .text.png_warning_parameter
                0x000000008109b450       0xa0 C:/devkitPro/libogc/lib/cube\libpng.a(pngerror.o)
                0x000000008109b450                png_warning_parameter
 .text.png_warning_parameter_unsigned
                0x000000008109b4f0       0x50 C:/devkitPro/libogc/lib/cube\libpng.a(pngerror.o)
                0x000000008109b4f0                png_warning_parameter_unsigned
 .text.png_warning_parameter_signed
                0x000000008109b540       0xd8 C:/devkitPro/libogc/lib/cube\libpng.a(pngerror.o)
                0x000000008109b540                png_warning_parameter_signed
 .text.png_formatted_warning
                0x000000008109b618      0x11c C:/devkitPro/libogc/lib/cube\libpng.a(pngerror.o)
                0x000000008109b618                png_formatted_warning
 .text.png_chunk_warning
                0x000000008109b734       0x84 C:/devkitPro/libogc/lib/cube\libpng.a(pngerror.o)
                0x000000008109b734                png_chunk_warning
 .text.png_set_longjmp_fn
                0x000000008109b7b8       0x28 C:/devkitPro/libogc/lib/cube\libpng.a(pngerror.o)
                0x000000008109b7b8                png_set_longjmp_fn
 .text.png_longjmp
                0x000000008109b7e0       0x2c C:/devkitPro/libogc/lib/cube\libpng.a(pngerror.o)
                0x000000008109b7e0                png_longjmp
 .text.png_default_error
                0x000000008109b80c       0x64 C:/devkitPro/libogc/lib/cube\libpng.a(pngerror.o)
 .text.png_error
                0x000000008109b870       0x40 C:/devkitPro/libogc/lib/cube\libpng.a(pngerror.o)
                0x000000008109b870                png_error
 .text.png_benign_error
                0x000000008109b8b0       0x20 C:/devkitPro/libogc/lib/cube\libpng.a(pngerror.o)
                0x000000008109b8b0                png_benign_error
 .text.png_chunk_error
                0x000000008109b8d0       0x38 C:/devkitPro/libogc/lib/cube\libpng.a(pngerror.o)
                0x000000008109b8d0                png_chunk_error
 .text.png_chunk_benign_error
                0x000000008109b908       0x54 C:/devkitPro/libogc/lib/cube\libpng.a(pngerror.o)
                0x000000008109b908                png_chunk_benign_error
 .text.png_set_error_fn
                0x000000008109b95c       0x18 C:/devkitPro/libogc/lib/cube\libpng.a(pngerror.o)
                0x000000008109b95c                png_set_error_fn
 .text.png_get_rowbytes
                0x000000008109b974       0x24 C:/devkitPro/libogc/lib/cube\libpng.a(pngget.o)
                0x000000008109b974                png_get_rowbytes
 .text.png_get_bKGD
                0x000000008109b998       0x44 C:/devkitPro/libogc/lib/cube\libpng.a(pngget.o)
                0x000000008109b998                png_get_bKGD
 .text.png_get_IHDR
                0x000000008109b9dc       0xc8 C:/devkitPro/libogc/lib/cube\libpng.a(pngget.o)
                0x000000008109b9dc                png_get_IHDR
 .text.png_get_tRNS
                0x000000008109baa4       0xa0 C:/devkitPro/libogc/lib/cube\libpng.a(pngget.o)
                0x000000008109baa4                png_get_tRNS
 .text.png_destroy_struct_2.part.0
                0x000000008109bb44       0x30 C:/devkitPro/libogc/lib/cube\libpng.a(pngmem.o)
 .text.png_create_struct_2
                0x000000008109bb74       0xd0 C:/devkitPro/libogc/lib/cube\libpng.a(pngmem.o)
                0x000000008109bb74                png_create_struct_2
 .text.png_destroy_struct_2
                0x000000008109bc44       0x18 C:/devkitPro/libogc/lib/cube\libpng.a(pngmem.o)
                0x000000008109bc44                png_destroy_struct_2
 .text.png_malloc
                0x000000008109bc5c       0x90 C:/devkitPro/libogc/lib/cube\libpng.a(pngmem.o)
                0x000000008109bc5c                png_malloc
 .text.png_calloc
                0x000000008109bcec       0x4c C:/devkitPro/libogc/lib/cube\libpng.a(pngmem.o)
                0x000000008109bcec                png_calloc
 .text.png_free
                0x000000008109bd38       0x2c C:/devkitPro/libogc/lib/cube\libpng.a(pngmem.o)
                0x000000008109bd38                png_free
 .text.png_malloc_warn
                0x000000008109bd64       0xb0 C:/devkitPro/libogc/lib/cube\libpng.a(pngmem.o)
                0x000000008109bd64                png_malloc_warn
 .text.png_set_mem_fn
                0x000000008109be14       0x18 C:/devkitPro/libogc/lib/cube\libpng.a(pngmem.o)
                0x000000008109be14                png_set_mem_fn
 .text.png_read_info.part.0
                0x000000008109be2c      0x4a8 C:/devkitPro/libogc/lib/cube\libpng.a(pngread.o)
 .text.png_create_read_struct_2
                0x000000008109c2d4      0x310 C:/devkitPro/libogc/lib/cube\libpng.a(pngread.o)
                0x000000008109c2d4                png_create_read_struct_2
 .text.png_create_read_struct
                0x000000008109c5e4       0x10 C:/devkitPro/libogc/lib/cube\libpng.a(pngread.o)
                0x000000008109c5e4                png_create_read_struct
 .text.png_read_info
                0x000000008109c5f4       0x14 C:/devkitPro/libogc/lib/cube\libpng.a(pngread.o)
                0x000000008109c5f4                png_read_info
 .text.png_read_update_info
                0x000000008109c608       0x50 C:/devkitPro/libogc/lib/cube\libpng.a(pngread.o)
                0x000000008109c608                png_read_update_info
 .text.png_read_row
                0x000000008109c658      0x4f4 C:/devkitPro/libogc/lib/cube\libpng.a(pngread.o)
                0x000000008109c658                png_read_row
 .text.png_read_image
                0x000000008109cb4c      0x174 C:/devkitPro/libogc/lib/cube\libpng.a(pngread.o)
                0x000000008109cb4c                png_read_image
 .text.png_read_destroy
                0x000000008109ccc0      0x1a8 C:/devkitPro/libogc/lib/cube\libpng.a(pngread.o)
                0x000000008109ccc0                png_read_destroy
 .text.png_destroy_read_struct
                0x000000008109ce68      0x188 C:/devkitPro/libogc/lib/cube\libpng.a(pngread.o)
                0x000000008109ce68                png_destroy_read_struct
 .text.png_default_read_data
                0x000000008109cff0       0x60 C:/devkitPro/libogc/lib/cube\libpng.a(pngrio.o)
                0x000000008109cff0                png_default_read_data
 .text.png_read_data
                0x000000008109d050       0x2c C:/devkitPro/libogc/lib/cube\libpng.a(pngrio.o)
                0x000000008109d050                png_read_data
 .text.png_set_read_fn
                0x000000008109d07c       0x74 C:/devkitPro/libogc/lib/cube\libpng.a(pngrio.o)
                0x000000008109d07c                png_set_read_fn
 .text.png_set_strip_16
                0x000000008109d0f0       0x18 C:/devkitPro/libogc/lib/cube\libpng.a(pngrtran.o)
                0x000000008109d0f0                png_set_strip_16
 .text.png_set_strip_alpha
                0x000000008109d108       0x18 C:/devkitPro/libogc/lib/cube\libpng.a(pngrtran.o)
                0x000000008109d108                png_set_strip_alpha
 .text.png_set_gray_to_rgb
                0x000000008109d120       0x24 C:/devkitPro/libogc/lib/cube\libpng.a(pngrtran.o)
                0x000000008109d120                png_set_gray_to_rgb
 .text.png_init_read_transformations
                0x000000008109d144      0xdc4 C:/devkitPro/libogc/lib/cube\libpng.a(pngrtran.o)
                0x000000008109d144                png_init_read_transformations
 .text.png_read_transform_info
                0x000000008109df08      0x2e0 C:/devkitPro/libogc/lib/cube\libpng.a(pngrtran.o)
                0x000000008109df08                png_read_transform_info
 .text.png_do_unpack
                0x000000008109e1e8      0x1ac C:/devkitPro/libogc/lib/cube\libpng.a(pngrtran.o)
                0x000000008109e1e8                png_do_unpack
 .text.png_do_unshift
                0x000000008109e394      0x2d4 C:/devkitPro/libogc/lib/cube\libpng.a(pngrtran.o)
                0x000000008109e394                png_do_unshift
 .text.png_do_read_swap_alpha
                0x000000008109e668      0x168 C:/devkitPro/libogc/lib/cube\libpng.a(pngrtran.o)
                0x000000008109e668                png_do_read_swap_alpha
 .text.png_do_read_invert_alpha
                0x000000008109e7d0      0x1fc C:/devkitPro/libogc/lib/cube\libpng.a(pngrtran.o)
                0x000000008109e7d0                png_do_read_invert_alpha
 .text.png_do_read_filler
                0x000000008109e9cc      0x398 C:/devkitPro/libogc/lib/cube\libpng.a(pngrtran.o)
                0x000000008109e9cc                png_do_read_filler
 .text.png_do_gray_to_rgb
                0x000000008109ed64      0x258 C:/devkitPro/libogc/lib/cube\libpng.a(pngrtran.o)
                0x000000008109ed64                png_do_gray_to_rgb
 .text.png_do_rgb_to_gray
                0x000000008109efbc      0x488 C:/devkitPro/libogc/lib/cube\libpng.a(pngrtran.o)
                0x000000008109efbc                png_do_rgb_to_gray
 .text.png_do_compose
                0x000000008109f444      0xfd8 C:/devkitPro/libogc/lib/cube\libpng.a(pngrtran.o)
                0x000000008109f444                png_do_compose
 .text.png_do_gamma
                0x00000000810a041c      0x518 C:/devkitPro/libogc/lib/cube\libpng.a(pngrtran.o)
                0x00000000810a041c                png_do_gamma
 .text.png_do_encode_alpha
                0x00000000810a0934      0x134 C:/devkitPro/libogc/lib/cube\libpng.a(pngrtran.o)
                0x00000000810a0934                png_do_encode_alpha
 .text.png_do_expand_palette
                0x00000000810a0a68      0x2d0 C:/devkitPro/libogc/lib/cube\libpng.a(pngrtran.o)
                0x00000000810a0a68                png_do_expand_palette
 .text.png_do_expand
                0x00000000810a0d38      0x614 C:/devkitPro/libogc/lib/cube\libpng.a(pngrtran.o)
                0x00000000810a0d38                png_do_expand
 .text.png_do_expand_16
                0x00000000810a134c       0x64 C:/devkitPro/libogc/lib/cube\libpng.a(pngrtran.o)
                0x00000000810a134c                png_do_expand_16
 .text.png_do_quantize
                0x00000000810a13b0      0x178 C:/devkitPro/libogc/lib/cube\libpng.a(pngrtran.o)
                0x00000000810a13b0                png_do_quantize
 .text.png_do_read_transformations
                0x00000000810a1528      0x670 C:/devkitPro/libogc/lib/cube\libpng.a(pngrtran.o)
                0x00000000810a1528                png_do_read_transformations
 .text.png_do_read_intrapixel
                0x00000000810a1b98       0xd4 C:/devkitPro/libogc/lib/cube\libpng.a(pngrtran.o)
                0x00000000810a1b98                png_do_read_intrapixel
 .text.png_read_filter_row_sub
                0x00000000810a1c6c       0x88 C:/devkitPro/libogc/lib/cube\libpng.a(pngrutil.o)
 .text.png_read_filter_row_up
                0x00000000810a1cf4       0x84 C:/devkitPro/libogc/lib/cube\libpng.a(pngrutil.o)
 .text.png_read_filter_row_avg
                0x00000000810a1d78       0xe4 C:/devkitPro/libogc/lib/cube\libpng.a(pngrutil.o)
 .text.png_read_filter_row_paeth_1byte_pixel
                0x00000000810a1e5c       0xa0 C:/devkitPro/libogc/lib/cube\libpng.a(pngrutil.o)
 .text.png_read_filter_row_paeth_multibyte_pixel
                0x00000000810a1efc      0x138 C:/devkitPro/libogc/lib/cube\libpng.a(pngrutil.o)
 .text.png_inflate
                0x00000000810a2034      0x1e0 C:/devkitPro/libogc/lib/cube\libpng.a(pngrutil.o)
 .text.png_read_sig
                0x00000000810a2214       0xf0 C:/devkitPro/libogc/lib/cube\libpng.a(pngrutil.o)
                0x00000000810a2214                png_read_sig
 .text.png_read_chunk_header
                0x00000000810a2304       0xec C:/devkitPro/libogc/lib/cube\libpng.a(pngrutil.o)
                0x00000000810a2304                png_read_chunk_header
 .text.png_crc_read
                0x00000000810a23f0       0x60 C:/devkitPro/libogc/lib/cube\libpng.a(pngrutil.o)
                0x00000000810a23f0                png_crc_read
 .text.png_crc_error
                0x00000000810a2450       0xcc C:/devkitPro/libogc/lib/cube\libpng.a(pngrutil.o)
                0x00000000810a2450                png_crc_error
 .text.png_crc_finish
                0x00000000810a251c      0x13c C:/devkitPro/libogc/lib/cube\libpng.a(pngrutil.o)
                0x00000000810a251c                png_crc_finish
 .text.png_decompress_chunk
                0x00000000810a2658      0x244 C:/devkitPro/libogc/lib/cube\libpng.a(pngrutil.o)
                0x00000000810a2658                png_decompress_chunk
 .text.png_handle_IHDR
                0x00000000810a289c      0x204 C:/devkitPro/libogc/lib/cube\libpng.a(pngrutil.o)
                0x00000000810a289c                png_handle_IHDR
 .text.png_handle_PLTE
                0x00000000810a2aa0      0x2b0 C:/devkitPro/libogc/lib/cube\libpng.a(pngrutil.o)
                0x00000000810a2aa0                png_handle_PLTE
 .text.png_handle_IEND
                0x00000000810a2d50       0x9c C:/devkitPro/libogc/lib/cube\libpng.a(pngrutil.o)
                0x00000000810a2d50                png_handle_IEND
 .text.png_handle_gAMA
                0x00000000810a2dec      0x220 C:/devkitPro/libogc/lib/cube\libpng.a(pngrutil.o)
                0x00000000810a2dec                png_handle_gAMA
 .text.png_handle_sBIT
                0x00000000810a300c      0x208 C:/devkitPro/libogc/lib/cube\libpng.a(pngrutil.o)
                0x00000000810a300c                png_handle_sBIT
 .text.png_handle_cHRM
                0x00000000810a3214      0x660 C:/devkitPro/libogc/lib/cube\libpng.a(pngrutil.o)
                0x00000000810a3214                png_handle_cHRM
 .text.png_handle_sRGB
                0x00000000810a3874      0x2a4 C:/devkitPro/libogc/lib/cube\libpng.a(pngrutil.o)
                0x00000000810a3874                png_handle_sRGB
 .text.png_handle_iCCP
                0x00000000810a3b18      0x328 C:/devkitPro/libogc/lib/cube\libpng.a(pngrutil.o)
                0x00000000810a3b18                png_handle_iCCP
 .text.png_handle_sPLT
                0x00000000810a3e40      0x418 C:/devkitPro/libogc/lib/cube\libpng.a(pngrutil.o)
                0x00000000810a3e40                png_handle_sPLT
 .text.png_handle_tRNS
                0x00000000810a4258      0x2bc C:/devkitPro/libogc/lib/cube\libpng.a(pngrutil.o)
                0x00000000810a4258                png_handle_tRNS
 .text.png_handle_bKGD
                0x00000000810a4514      0x288 C:/devkitPro/libogc/lib/cube\libpng.a(pngrutil.o)
                0x00000000810a4514                png_handle_bKGD
 .text.png_handle_hIST
                0x00000000810a479c      0x1cc C:/devkitPro/libogc/lib/cube\libpng.a(pngrutil.o)
                0x00000000810a479c                png_handle_hIST
 .text.png_handle_pHYs
                0x00000000810a4968      0x1a0 C:/devkitPro/libogc/lib/cube\libpng.a(pngrutil.o)
                0x00000000810a4968                png_handle_pHYs
 .text.png_handle_oFFs
                0x00000000810a4b08      0x1a0 C:/devkitPro/libogc/lib/cube\libpng.a(pngrutil.o)
                0x00000000810a4b08                png_handle_oFFs
 .text.png_handle_pCAL
                0x00000000810a4ca8      0x550 C:/devkitPro/libogc/lib/cube\libpng.a(pngrutil.o)
                0x00000000810a4ca8                png_handle_pCAL
 .text.png_handle_sCAL
                0x00000000810a51f8      0x2f0 C:/devkitPro/libogc/lib/cube\libpng.a(pngrutil.o)
                0x00000000810a51f8                png_handle_sCAL
 .text.png_handle_tIME
                0x00000000810a54e8      0x150 C:/devkitPro/libogc/lib/cube\libpng.a(pngrutil.o)
                0x00000000810a54e8                png_handle_tIME
 .text.png_handle_tEXt
                0x00000000810a5638      0x294 C:/devkitPro/libogc/lib/cube\libpng.a(pngrutil.o)
                0x00000000810a5638                png_handle_tEXt
 .text.png_handle_zTXt
                0x00000000810a58cc      0x2dc C:/devkitPro/libogc/lib/cube\libpng.a(pngrutil.o)
                0x00000000810a58cc                png_handle_zTXt
 .text.png_handle_iTXt
                0x00000000810a5ba8      0x3dc C:/devkitPro/libogc/lib/cube\libpng.a(pngrutil.o)
                0x00000000810a5ba8                png_handle_iTXt
 .text.png_handle_unknown
                0x00000000810a5f84      0x220 C:/devkitPro/libogc/lib/cube\libpng.a(pngrutil.o)
                0x00000000810a5f84                png_handle_unknown
 .text.png_combine_row
                0x00000000810a61a4      0x68c C:/devkitPro/libogc/lib/cube\libpng.a(pngrutil.o)
                0x00000000810a61a4                png_combine_row
 .text.png_do_read_interlace
                0x00000000810a6830      0x4b4 C:/devkitPro/libogc/lib/cube\libpng.a(pngrutil.o)
                0x00000000810a6830                png_do_read_interlace
 .text.png_read_filter_row
                0x00000000810a6ce4       0xb0 C:/devkitPro/libogc/lib/cube\libpng.a(pngrutil.o)
                0x00000000810a6ce4                png_read_filter_row
 .text.png_read_finish_row
                0x00000000810a6d94      0x38c C:/devkitPro/libogc/lib/cube\libpng.a(pngrutil.o)
                0x00000000810a6d94                png_read_finish_row
 .text.png_read_start_row
                0x00000000810a7120      0x398 C:/devkitPro/libogc/lib/cube\libpng.a(pngrutil.o)
                0x00000000810a7120                png_read_start_row
 .text.png_set_text_2.part.0
                0x00000000810a74b8      0x3d4 C:/devkitPro/libogc/lib/cube\libpng.a(pngset.o)
 .text.png_set_bKGD
                0x00000000810a788c       0x38 C:/devkitPro/libogc/lib/cube\libpng.a(pngset.o)
                0x00000000810a788c                png_set_bKGD
 .text.png_set_cHRM_fixed
                0x00000000810a78c4       0xe8 C:/devkitPro/libogc/lib/cube\libpng.a(pngset.o)
                0x00000000810a78c4                png_set_cHRM_fixed
 .text.png_set_gAMA_fixed
                0x00000000810a79ac       0x44 C:/devkitPro/libogc/lib/cube\libpng.a(pngset.o)
                0x00000000810a79ac                png_set_gAMA_fixed
 .text.png_set_hIST
                0x00000000810a79f0      0x118 C:/devkitPro/libogc/lib/cube\libpng.a(pngset.o)
                0x00000000810a79f0                png_set_hIST
 .text.png_set_IHDR
                0x00000000810a7b08      0x15c C:/devkitPro/libogc/lib/cube\libpng.a(pngset.o)
                0x00000000810a7b08                png_set_IHDR
 .text.png_set_oFFs
                0x00000000810a7c64       0x2c C:/devkitPro/libogc/lib/cube\libpng.a(pngset.o)
                0x00000000810a7c64                png_set_oFFs
 .text.png_set_pCAL
                0x00000000810a7c90      0x2dc C:/devkitPro/libogc/lib/cube\libpng.a(pngset.o)
                0x00000000810a7c90                png_set_pCAL
 .text.png_set_sCAL_s
                0x00000000810a7f6c      0x1e4 C:/devkitPro/libogc/lib/cube\libpng.a(pngset.o)
                0x00000000810a7f6c                png_set_sCAL_s
 .text.png_set_pHYs
                0x00000000810a8150       0x2c C:/devkitPro/libogc/lib/cube\libpng.a(pngset.o)
                0x00000000810a8150                png_set_pHYs
 .text.png_set_PLTE
                0x00000000810a817c      0x110 C:/devkitPro/libogc/lib/cube\libpng.a(pngset.o)
                0x00000000810a817c                png_set_PLTE
 .text.png_set_sBIT
                0x00000000810a828c       0x30 C:/devkitPro/libogc/lib/cube\libpng.a(pngset.o)
                0x00000000810a828c                png_set_sBIT
 .text.png_set_sRGB_gAMA_and_cHRM
                0x00000000810a82bc      0x10c C:/devkitPro/libogc/lib/cube\libpng.a(pngset.o)
                0x00000000810a82bc                png_set_sRGB_gAMA_and_cHRM
 .text.png_set_iCCP
                0x00000000810a83c8      0x188 C:/devkitPro/libogc/lib/cube\libpng.a(pngset.o)
                0x00000000810a83c8                png_set_iCCP
 .text.png_set_text_2
                0x00000000810a8550       0x24 C:/devkitPro/libogc/lib/cube\libpng.a(pngset.o)
                0x00000000810a8550                png_set_text_2
 .text.png_set_tIME
                0x00000000810a8574       0x94 C:/devkitPro/libogc/lib/cube\libpng.a(pngset.o)
                0x00000000810a8574                png_set_tIME
 .text.png_set_tRNS
                0x00000000810a8608      0x1c8 C:/devkitPro/libogc/lib/cube\libpng.a(pngset.o)
                0x00000000810a8608                png_set_tRNS
 .text.png_set_sPLT
                0x00000000810a87d0      0x210 C:/devkitPro/libogc/lib/cube\libpng.a(pngset.o)
                0x00000000810a87d0                png_set_sPLT
 .text.png_set_unknown_chunks
                0x00000000810a89e0      0x210 C:/devkitPro/libogc/lib/cube\libpng.a(pngset.o)
                0x00000000810a89e0                png_set_unknown_chunks
 .text.png_set_packing
                0x00000000810a8bf0       0x2c C:/devkitPro/libogc/lib/cube\libpng.a(pngtrans.o)
                0x00000000810a8bf0                png_set_packing
 .text.png_set_interlace_handling
                0x00000000810a8c1c       0x34 C:/devkitPro/libogc/lib/cube\libpng.a(pngtrans.o)
                0x00000000810a8c1c                png_set_interlace_handling
 .text.png_do_invert
                0x00000000810a8c50      0x21c C:/devkitPro/libogc/lib/cube\libpng.a(pngtrans.o)
                0x00000000810a8c50                png_do_invert
 .text.png_do_swap
                0x00000000810a8e6c       0x80 C:/devkitPro/libogc/lib/cube\libpng.a(pngtrans.o)
                0x00000000810a8e6c                png_do_swap
 .text.png_do_packswap
                0x00000000810a8eec       0xbc C:/devkitPro/libogc/lib/cube\libpng.a(pngtrans.o)
                0x00000000810a8eec                png_do_packswap
 .text.png_do_strip_channel
                0x00000000810a8fa8      0x3bc C:/devkitPro/libogc/lib/cube\libpng.a(pngtrans.o)
                0x00000000810a8fa8                png_do_strip_channel
 .text.png_do_bgr
                0x00000000810a9364      0x188 C:/devkitPro/libogc/lib/cube\libpng.a(pngtrans.o)
                0x00000000810a9364                png_do_bgr
 .text.jpeg_CreateDecompress
                0x00000000810a94ec      0x128 C:/devkitPro/libogc/lib/cube\libjpeg.a(jdapimin.o)
                0x00000000810a94ec                jpeg_CreateDecompress
 .text.jpeg_destroy_decompress
                0x00000000810a9614        0x4 C:/devkitPro/libogc/lib/cube\libjpeg.a(jdapimin.o)
                0x00000000810a9614                jpeg_destroy_decompress
 .text.jpeg_consume_input
                0x00000000810a9618      0x318 C:/devkitPro/libogc/lib/cube\libjpeg.a(jdapimin.o)
                0x00000000810a9618                jpeg_consume_input
 .text.jpeg_read_header
                0x00000000810a9930       0xb4 C:/devkitPro/libogc/lib/cube\libjpeg.a(jdapimin.o)
                0x00000000810a9930                jpeg_read_header
 .text.jpeg_finish_decompress
                0x00000000810a99e4      0x120 C:/devkitPro/libogc/lib/cube\libjpeg.a(jdapimin.o)
                0x00000000810a99e4                jpeg_finish_decompress
 .text.output_pass_setup
                0x00000000810a9b04      0x15c C:/devkitPro/libogc/lib/cube\libjpeg.a(jdapistd.o)
 .text.jpeg_start_decompress
                0x00000000810a9c60      0x164 C:/devkitPro/libogc/lib/cube\libjpeg.a(jdapistd.o)
                0x00000000810a9c60                jpeg_start_decompress
 .text.jpeg_read_scanlines
                0x00000000810a9dc4      0x114 C:/devkitPro/libogc/lib/cube\libjpeg.a(jdapistd.o)
                0x00000000810a9dc4                jpeg_read_scanlines
 .text.init_mem_source
                0x00000000810a9ed8        0x4 C:/devkitPro/libogc/lib/cube\libjpeg.a(jdatasrc.o)
 .text.fill_mem_input_buffer
                0x00000000810a9edc       0x60 C:/devkitPro/libogc/lib/cube\libjpeg.a(jdatasrc.o)
 .text.skip_input_data
                0x00000000810a9f3c       0x8c C:/devkitPro/libogc/lib/cube\libjpeg.a(jdatasrc.o)
 .text.term_source
                0x00000000810a9fc8        0x4 C:/devkitPro/libogc/lib/cube\libjpeg.a(jdatasrc.o)
 .text.jpeg_mem_src
                0x00000000810a9fcc       0xf8 C:/devkitPro/libogc/lib/cube\libjpeg.a(jdatasrc.o)
                0x00000000810a9fcc                jpeg_mem_src
 .text.finish_input_pass
                0x00000000810aa0c4       0x14 C:/devkitPro/libogc/lib/cube\libjpeg.a(jdinput.o)
 .text.reset_input_controller
                0x00000000810aa0d8       0x7c C:/devkitPro/libogc/lib/cube\libjpeg.a(jdinput.o)
 .text.start_input_pass
                0x00000000810aa154      0x33c C:/devkitPro/libogc/lib/cube\libjpeg.a(jdinput.o)
 .text.consume_markers
                0x00000000810aa490      0x73c C:/devkitPro/libogc/lib/cube\libjpeg.a(jdinput.o)
 .text.jpeg_core_output_dimensions
                0x00000000810aabcc      0x43c C:/devkitPro/libogc/lib/cube\libjpeg.a(jdinput.o)
                0x00000000810aabcc                jpeg_core_output_dimensions
 .text.jinit_input_controller
                0x00000000810ab008       0x88 C:/devkitPro/libogc/lib/cube\libjpeg.a(jdinput.o)
                0x00000000810ab008                jinit_input_controller
 .text.get_sof  0x00000000810ab090      0x534 C:/devkitPro/libogc/lib/cube\libjpeg.a(jdmarker.o)
 .text.examine_app0
                0x00000000810ab5c4      0x2bc C:/devkitPro/libogc/lib/cube\libjpeg.a(jdmarker.o)
 .text.examine_app14
                0x00000000810ab880      0x10c C:/devkitPro/libogc/lib/cube\libjpeg.a(jdmarker.o)
 .text.get_interesting_appn
                0x00000000810ab98c      0x27c C:/devkitPro/libogc/lib/cube\libjpeg.a(jdmarker.o)
 .text.skip_variable
                0x00000000810abc08      0x188 C:/devkitPro/libogc/lib/cube\libjpeg.a(jdmarker.o)
 .text.next_marker
                0x00000000810abd90      0x1a0 C:/devkitPro/libogc/lib/cube\libjpeg.a(jdmarker.o)
 .text.read_restart_marker
                0x00000000810abf30       0xec C:/devkitPro/libogc/lib/cube\libjpeg.a(jdmarker.o)
 .text.reset_marker_reader
                0x00000000810ac01c       0x28 C:/devkitPro/libogc/lib/cube\libjpeg.a(jdmarker.o)
 .text.get_dht  0x00000000810ac044      0x47c C:/devkitPro/libogc/lib/cube\libjpeg.a(jdmarker.o)
 .text.read_markers
                0x00000000810ac4c0     0x1040 C:/devkitPro/libogc/lib/cube\libjpeg.a(jdmarker.o)
 .text.jpeg_resync_to_restart
                0x00000000810ad500      0x1cc C:/devkitPro/libogc/lib/cube\libjpeg.a(jdmarker.o)
                0x00000000810ad500                jpeg_resync_to_restart
 .text.jinit_marker_reader
                0x00000000810ad6cc       0xf0 C:/devkitPro/libogc/lib/cube\libjpeg.a(jdmarker.o)
                0x00000000810ad6cc                jinit_marker_reader
 .text.prepare_for_output_pass
                0x00000000810ad7bc      0x234 C:/devkitPro/libogc/lib/cube\libjpeg.a(jdmaster.o)
 .text.finish_output_pass
                0x00000000810ad9f0       0x50 C:/devkitPro/libogc/lib/cube\libjpeg.a(jdmaster.o)
 .text.use_merged_upsample
                0x00000000810ada40       0xf8 C:/devkitPro/libogc/lib/cube\libjpeg.a(jdmaster.o)
 .text.jpeg_calc_output_dimensions
                0x00000000810adb38      0x264 C:/devkitPro/libogc/lib/cube\libjpeg.a(jdmaster.o)
                0x00000000810adb38                jpeg_calc_output_dimensions
 .text.jinit_master_decompress
                0x00000000810add9c      0x388 C:/devkitPro/libogc/lib/cube\libjpeg.a(jdmaster.o)
                0x00000000810add9c                jinit_master_decompress
 .text.start_pass_merged_upsample
                0x00000000810ae124       0x18 C:/devkitPro/libogc/lib/cube\libjpeg.a(jdmerge.o)
 .text.merged_1v_upsample
                0x00000000810ae13c       0x6c C:/devkitPro/libogc/lib/cube\libjpeg.a(jdmerge.o)
 .text.h2v1_merged_upsample
                0x00000000810ae1a8      0x1a0 C:/devkitPro/libogc/lib/cube\libjpeg.a(jdmerge.o)
 .text.h2v2_merged_upsample
                0x00000000810ae348      0x238 C:/devkitPro/libogc/lib/cube\libjpeg.a(jdmerge.o)
 .text.merged_2v_upsample
                0x00000000810ae580      0x13c C:/devkitPro/libogc/lib/cube\libjpeg.a(jdmerge.o)
 .text.jinit_merged_upsampler
                0x00000000810ae6bc      0x1d8 C:/devkitPro/libogc/lib/cube\libjpeg.a(jdmerge.o)
                0x00000000810ae6bc                jinit_merged_upsampler
 .text.start_pass_dpost
                0x00000000810ae894      0x198 C:/devkitPro/libogc/lib/cube\libjpeg.a(jdpostct.o)
 .text.post_process_1pass
                0x00000000810aea2c       0xc4 C:/devkitPro/libogc/lib/cube\libjpeg.a(jdpostct.o)
 .text.post_process_prepass
                0x00000000810aeaf0      0x140 C:/devkitPro/libogc/lib/cube\libjpeg.a(jdpostct.o)
 .text.post_process_2pass
                0x00000000810aec30      0x128 C:/devkitPro/libogc/lib/cube\libjpeg.a(jdpostct.o)
 .text.jinit_d_post_controller
                0x00000000810aed58      0x110 C:/devkitPro/libogc/lib/cube\libjpeg.a(jdpostct.o)
                0x00000000810aed58                jinit_d_post_controller
 .text.start_pass_upsample
                0x00000000810aee68       0x18 C:/devkitPro/libogc/lib/cube\libjpeg.a(jdsample.o)
 .text.sep_upsample
                0x00000000810aee80      0x1a8 C:/devkitPro/libogc/lib/cube\libjpeg.a(jdsample.o)
 .text.fullsize_upsample
                0x00000000810af028        0x8 C:/devkitPro/libogc/lib/cube\libjpeg.a(jdsample.o)
 .text.noop_upsample
                0x00000000810af030        0xc C:/devkitPro/libogc/lib/cube\libjpeg.a(jdsample.o)
 .text.h2v1_upsample
                0x00000000810af03c       0xd0 C:/devkitPro/libogc/lib/cube\libjpeg.a(jdsample.o)
 .text.int_upsample
                0x00000000810af10c      0x128 C:/devkitPro/libogc/lib/cube\libjpeg.a(jdsample.o)
 .text.h2v2_upsample
                0x00000000810af234      0x118 C:/devkitPro/libogc/lib/cube\libjpeg.a(jdsample.o)
 .text.jinit_upsampler
                0x00000000810af34c      0x280 C:/devkitPro/libogc/lib/cube\libjpeg.a(jdsample.o)
                0x00000000810af34c                jinit_upsampler
 .text.emit_message
                0x00000000810af5cc       0x88 C:/devkitPro/libogc/lib/cube\libjpeg.a(jerror.o)
 .text.reset_error_mgr
                0x00000000810af654       0x14 C:/devkitPro/libogc/lib/cube\libjpeg.a(jerror.o)
 .text.format_message
                0x00000000810af668      0x100 C:/devkitPro/libogc/lib/cube\libjpeg.a(jerror.o)
 .text.output_message
                0x00000000810af768       0x50 C:/devkitPro/libogc/lib/cube\libjpeg.a(jerror.o)
 .text.error_exit
                0x00000000810af7b8       0x34 C:/devkitPro/libogc/lib/cube\libjpeg.a(jerror.o)
 .text.jpeg_std_error
                0x00000000810af7ec       0x70 C:/devkitPro/libogc/lib/cube\libjpeg.a(jerror.o)
                0x00000000810af7ec                jpeg_std_error
 .text.do_barray_io
                0x00000000810af85c      0x1d4 C:/devkitPro/libogc/lib/cube\libjpeg.a(jmemmgr.o)
 .text.alloc_small
                0x00000000810afa30      0x27c C:/devkitPro/libogc/lib/cube\libjpeg.a(jmemmgr.o)
 .text.request_virt_barray
                0x00000000810afcac       0xc4 C:/devkitPro/libogc/lib/cube\libjpeg.a(jmemmgr.o)
 .text.request_virt_sarray
                0x00000000810afd70       0xc4 C:/devkitPro/libogc/lib/cube\libjpeg.a(jmemmgr.o)
 .text.free_pool
                0x00000000810afe34      0x1b0 C:/devkitPro/libogc/lib/cube\libjpeg.a(jmemmgr.o)
 .text.self_destruct
                0x00000000810affe4       0x58 C:/devkitPro/libogc/lib/cube\libjpeg.a(jmemmgr.o)
 .text.access_virt_barray
                0x00000000810b003c      0x31c C:/devkitPro/libogc/lib/cube\libjpeg.a(jmemmgr.o)
 .text.alloc_large
                0x00000000810b0358      0x12c C:/devkitPro/libogc/lib/cube\libjpeg.a(jmemmgr.o)
 .text.alloc_barray
                0x00000000810b0484      0x14c C:/devkitPro/libogc/lib/cube\libjpeg.a(jmemmgr.o)
 .text.alloc_sarray
                0x00000000810b05d0      0x14c C:/devkitPro/libogc/lib/cube\libjpeg.a(jmemmgr.o)
 .text.realize_virt_arrays
                0x00000000810b071c      0x2a4 C:/devkitPro/libogc/lib/cube\libjpeg.a(jmemmgr.o)
 .text.access_virt_sarray
                0x00000000810b09c0      0x57c C:/devkitPro/libogc/lib/cube\libjpeg.a(jmemmgr.o)
 .text.jinit_memory_mgr
                0x00000000810b0f3c      0x1b0 C:/devkitPro/libogc/lib/cube\libjpeg.a(jmemmgr.o)
                0x00000000810b0f3c                jinit_memory_mgr
 .text.jpeg_get_small
                0x00000000810b10ec        0x8 C:/devkitPro/libogc/lib/cube\libjpeg.a(jmemnobs.o)
                0x00000000810b10ec                jpeg_get_small
 .text.jpeg_free_small
                0x00000000810b10f4        0x8 C:/devkitPro/libogc/lib/cube\libjpeg.a(jmemnobs.o)
                0x00000000810b10f4                jpeg_free_small
 .text.jpeg_get_large
                0x00000000810b10fc        0x8 C:/devkitPro/libogc/lib/cube\libjpeg.a(jmemnobs.o)
                0x00000000810b10fc                jpeg_get_large
 .text.jpeg_free_large
                0x00000000810b1104        0x8 C:/devkitPro/libogc/lib/cube\libjpeg.a(jmemnobs.o)
                0x00000000810b1104                jpeg_free_large
 .text.jpeg_mem_available
                0x00000000810b110c        0x8 C:/devkitPro/libogc/lib/cube\libjpeg.a(jmemnobs.o)
                0x00000000810b110c                jpeg_mem_available
 .text.jpeg_open_backing_store
                0x00000000810b1114       0x18 C:/devkitPro/libogc/lib/cube\libjpeg.a(jmemnobs.o)
                0x00000000810b1114                jpeg_open_backing_store
 .text.jpeg_mem_init
                0x00000000810b112c        0x8 C:/devkitPro/libogc/lib/cube\libjpeg.a(jmemnobs.o)
                0x00000000810b112c                jpeg_mem_init
 .text.jpeg_mem_term
                0x00000000810b1134        0x4 C:/devkitPro/libogc/lib/cube\libjpeg.a(jmemnobs.o)
                0x00000000810b1134                jpeg_mem_term
 .text.create_colorindex
                0x00000000810b1138      0x1a8 C:/devkitPro/libogc/lib/cube\libjpeg.a(jquant1.o)
 .text.color_quantize
                0x00000000810b12e0      0x12c C:/devkitPro/libogc/lib/cube\libjpeg.a(jquant1.o)
 .text.color_quantize3
                0x00000000810b140c       0x90 C:/devkitPro/libogc/lib/cube\libjpeg.a(jquant1.o)
 .text.quantize3_ord_dither
                0x00000000810b149c      0x12c C:/devkitPro/libogc/lib/cube\libjpeg.a(jquant1.o)
 .text.alloc_fs_workspace
                0x00000000810b15c8       0x94 C:/devkitPro/libogc/lib/cube\libjpeg.a(jquant1.o)
 .text.finish_pass_1_quant
                0x00000000810b165c        0x4 C:/devkitPro/libogc/lib/cube\libjpeg.a(jquant1.o)
 .text.new_color_map_1_quant
                0x00000000810b1660       0x18 C:/devkitPro/libogc/lib/cube\libjpeg.a(jquant1.o)
 .text.start_pass_1_quant
                0x00000000810b1678      0x300 C:/devkitPro/libogc/lib/cube\libjpeg.a(jquant1.o)
 .text.quantize_fs_dither
                0x00000000810b1978      0x23c C:/devkitPro/libogc/lib/cube\libjpeg.a(jquant1.o)
 .text.quantize_ord_dither
                0x00000000810b1bb4      0x148 C:/devkitPro/libogc/lib/cube\libjpeg.a(jquant1.o)
 .text.jinit_1pass_quantizer
                0x00000000810b1cfc      0x42c C:/devkitPro/libogc/lib/cube\libjpeg.a(jquant1.o)
                0x00000000810b1cfc                jinit_1pass_quantizer
 .text.prescan_quantize
                0x00000000810b2128       0x78 C:/devkitPro/libogc/lib/cube\libjpeg.a(jquant2.o)
 .text.fill_inverse_cmap
                0x00000000810b21a0      0x490 C:/devkitPro/libogc/lib/cube\libjpeg.a(jquant2.o)
 .text.pass2_no_dither
                0x00000000810b2630      0x140 C:/devkitPro/libogc/lib/cube\libjpeg.a(jquant2.o)
 .text.pass2_fs_dither
                0x00000000810b2770      0x3d8 C:/devkitPro/libogc/lib/cube\libjpeg.a(jquant2.o)
 .text.init_error_limit
                0x00000000810b2b48       0xf8 C:/devkitPro/libogc/lib/cube\libjpeg.a(jquant2.o)
 .text.finish_pass2
                0x00000000810b2c40        0x4 C:/devkitPro/libogc/lib/cube\libjpeg.a(jquant2.o)
 .text.new_color_map_2_quant
                0x00000000810b2c44       0x10 C:/devkitPro/libogc/lib/cube\libjpeg.a(jquant2.o)
 .text.start_pass_2_quant
                0x00000000810b2c54      0x1c4 C:/devkitPro/libogc/lib/cube\libjpeg.a(jquant2.o)
 .text.update_box.isra.0
                0x00000000810b2e18      0x698 C:/devkitPro/libogc/lib/cube\libjpeg.a(jquant2.o)
 .text.finish_pass1
                0x00000000810b34b0      0x430 C:/devkitPro/libogc/lib/cube\libjpeg.a(jquant2.o)
 .text.jinit_2pass_quantizer
                0x00000000810b38e0      0x1fc C:/devkitPro/libogc/lib/cube\libjpeg.a(jquant2.o)
                0x00000000810b38e0                jinit_2pass_quantizer
 .text.jdiv_round_up
                0x00000000810b3adc       0x10 C:/devkitPro/libogc/lib/cube\libjpeg.a(jutils.o)
                0x00000000810b3adc                jdiv_round_up
 .text.jround_up
                0x00000000810b3aec       0x14 C:/devkitPro/libogc/lib/cube\libjpeg.a(jutils.o)
                0x00000000810b3aec                jround_up
 .text.jcopy_sample_rows
                0x00000000810b3b00       0x78 C:/devkitPro/libogc/lib/cube\libjpeg.a(jutils.o)
                0x00000000810b3b00                jcopy_sample_rows
 .text.jcopy_block_row
                0x00000000810b3b78       0x14 C:/devkitPro/libogc/lib/cube\libjpeg.a(jutils.o)
                0x00000000810b3b78                jcopy_block_row
 .text.jpeg_abort
                0x00000000810b3b8c       0x7c C:/devkitPro/libogc/lib/cube\libjpeg.a(jcomapi.o)
                0x00000000810b3b8c                jpeg_abort
 .text.jpeg_destroy
                0x00000000810b3c08       0x4c C:/devkitPro/libogc/lib/cube\libjpeg.a(jcomapi.o)
                0x00000000810b3c08                jpeg_destroy
 .text.jpeg_alloc_quant_table
                0x00000000810b3c54       0x3c C:/devkitPro/libogc/lib/cube\libjpeg.a(jcomapi.o)
                0x00000000810b3c54                jpeg_alloc_quant_table
 .text.jpeg_alloc_huff_table
                0x00000000810b3c90       0x3c C:/devkitPro/libogc/lib/cube\libjpeg.a(jcomapi.o)
                0x00000000810b3c90                jpeg_alloc_huff_table
 .text.get_byte
                0x00000000810b3ccc       0x90 C:/devkitPro/libogc/lib/cube\libjpeg.a(jdarith.o)
 .text.arith_decode
                0x00000000810b3d5c      0x274 C:/devkitPro/libogc/lib/cube\libjpeg.a(jdarith.o)
 .text.start_pass
                0x00000000810b3fd0      0x464 C:/devkitPro/libogc/lib/cube\libjpeg.a(jdarith.o)
 .text.process_restart
                0x00000000810b4434      0x16c C:/devkitPro/libogc/lib/cube\libjpeg.a(jdarith.o)
 .text.decode_mcu
                0x00000000810b45a0      0x458 C:/devkitPro/libogc/lib/cube\libjpeg.a(jdarith.o)
 .text.decode_mcu_AC_refine
                0x00000000810b49f8      0x2b8 C:/devkitPro/libogc/lib/cube\libjpeg.a(jdarith.o)
 .text.decode_mcu_DC_refine
                0x00000000810b4cb0       0xd8 C:/devkitPro/libogc/lib/cube\libjpeg.a(jdarith.o)
 .text.decode_mcu_AC_first
                0x00000000810b4d88      0x2e0 C:/devkitPro/libogc/lib/cube\libjpeg.a(jdarith.o)
 .text.decode_mcu_DC_first
                0x00000000810b5068      0x330 C:/devkitPro/libogc/lib/cube\libjpeg.a(jdarith.o)
 .text.jinit_arith_decoder
                0x00000000810b5398       0xdc C:/devkitPro/libogc/lib/cube\libjpeg.a(jdarith.o)
                0x00000000810b5398                jinit_arith_decoder
 .text.dummy_consume_data
                0x00000000810b5474        0x8 C:/devkitPro/libogc/lib/cube\libjpeg.a(jdcoefct.o)
 .text.decompress_data
                0x00000000810b547c      0x25c C:/devkitPro/libogc/lib/cube\libjpeg.a(jdcoefct.o)
 .text.start_output_pass
                0x00000000810b56d8      0x1d8 C:/devkitPro/libogc/lib/cube\libjpeg.a(jdcoefct.o)
 .text.decompress_onepass
                0x00000000810b58b0      0x3b4 C:/devkitPro/libogc/lib/cube\libjpeg.a(jdcoefct.o)
 .text.decompress_smooth_data
                0x00000000810b5c64      0x754 C:/devkitPro/libogc/lib/cube\libjpeg.a(jdcoefct.o)
 .text.start_input_pass
                0x00000000810b63b8       0x70 C:/devkitPro/libogc/lib/cube\libjpeg.a(jdcoefct.o)
 .text.consume_data
                0x00000000810b6428      0x2a0 C:/devkitPro/libogc/lib/cube\libjpeg.a(jdcoefct.o)
 .text.jinit_d_coef_controller
                0x00000000810b66c8      0x214 C:/devkitPro/libogc/lib/cube\libjpeg.a(jdcoefct.o)
                0x00000000810b66c8                jinit_d_coef_controller
 .text.build_ycc_rgb_table
                0x00000000810b68dc      0x138 C:/devkitPro/libogc/lib/cube\libjpeg.a(jdcolor.o)
 .text.ycc_rgb_convert
                0x00000000810b6a14      0x110 C:/devkitPro/libogc/lib/cube\libjpeg.a(jdcolor.o)
 .text.rgb_gray_convert
                0x00000000810b6b24       0xcc C:/devkitPro/libogc/lib/cube\libjpeg.a(jdcolor.o)
 .text.rgb_convert
                0x00000000810b6bf0       0x84 C:/devkitPro/libogc/lib/cube\libjpeg.a(jdcolor.o)
 .text.null_convert
                0x00000000810b6c74       0xdc C:/devkitPro/libogc/lib/cube\libjpeg.a(jdcolor.o)
 .text.gray_rgb_convert
                0x00000000810b6d50       0xac C:/devkitPro/libogc/lib/cube\libjpeg.a(jdcolor.o)
 .text.ycck_cmyk_convert
                0x00000000810b6dfc      0x140 C:/devkitPro/libogc/lib/cube\libjpeg.a(jdcolor.o)
 .text.start_pass_dcolor
                0x00000000810b6f3c        0x4 C:/devkitPro/libogc/lib/cube\libjpeg.a(jdcolor.o)
 .text.grayscale_convert
                0x00000000810b6f40       0x18 C:/devkitPro/libogc/lib/cube\libjpeg.a(jdcolor.o)
 .text.jinit_color_deconverter
                0x00000000810b6f58      0x330 C:/devkitPro/libogc/lib/cube\libjpeg.a(jdcolor.o)
                0x00000000810b6f58                jinit_color_deconverter
 .text.start_pass
                0x00000000810b7288      0x5e4 C:/devkitPro/libogc/lib/cube\libjpeg.a(jddctmgr.o)
 .text.jinit_inverse_dct
                0x00000000810b786c       0xd0 C:/devkitPro/libogc/lib/cube\libjpeg.a(jddctmgr.o)
                0x00000000810b786c                jinit_inverse_dct
 .text.jpeg_fill_bit_buffer
                0x00000000810b793c      0x200 C:/devkitPro/libogc/lib/cube\libjpeg.a(jdhuff.o)
 .text.jpeg_huff_decode
                0x00000000810b7b3c      0x1c8 C:/devkitPro/libogc/lib/cube\libjpeg.a(jdhuff.o)
 .text.process_restart